Archive member included because of file (symbol)

/home/xuan/gcc-arm-none-eabi-4_8-2014q3/bin/../lib/gcc/arm-none-eabi/4.8.4/../../../../arm-none-eabi/lib/armv7-m/libg_s.a(lib_a-ctype_.o)
                              ./system/src/newlib/_syscalls.o (__ctype_ptr__)
/home/xuan/gcc-arm-none-eabi-4_8-2014q3/bin/../lib/gcc/arm-none-eabi/4.8.4/../../../../arm-none-eabi/lib/armv7-m/libg_s.a(lib_a-errno.o)
                              ./system/src/newlib/_sbrk.o (__errno)
/home/xuan/gcc-arm-none-eabi-4_8-2014q3/bin/../lib/gcc/arm-none-eabi/4.8.4/../../../../arm-none-eabi/lib/armv7-m/libg_s.a(lib_a-findfp.o)
                              ./system/src/newlib/_syscalls.o (__sinit)
/home/xuan/gcc-arm-none-eabi-4_8-2014q3/bin/../lib/gcc/arm-none-eabi/4.8.4/../../../../arm-none-eabi/lib/armv7-m/libg_s.a(lib_a-fwalk.o)
                              /home/xuan/gcc-arm-none-eabi-4_8-2014q3/bin/../lib/gcc/arm-none-eabi/4.8.4/../../../../arm-none-eabi/lib/armv7-m/libg_s.a(lib_a-findfp.o) (_fwalk)
/home/xuan/gcc-arm-none-eabi-4_8-2014q3/bin/../lib/gcc/arm-none-eabi/4.8.4/../../../../arm-none-eabi/lib/armv7-m/libg_s.a(lib_a-impure.o)
                              /home/xuan/gcc-arm-none-eabi-4_8-2014q3/bin/../lib/gcc/arm-none-eabi/4.8.4/../../../../arm-none-eabi/lib/armv7-m/libg_s.a(lib_a-findfp.o) (_global_impure_ptr)
/home/xuan/gcc-arm-none-eabi-4_8-2014q3/bin/../lib/gcc/arm-none-eabi/4.8.4/../../../../arm-none-eabi/lib/armv7-m/libg_s.a(lib_a-memset.o)
                              ./system/src/newlib/_syscalls.o (memset)
/home/xuan/gcc-arm-none-eabi-4_8-2014q3/bin/../lib/gcc/arm-none-eabi/4.8.4/../../../../arm-none-eabi/lib/armv7-m/libg_s.a(lib_a-nano-mallocr.o)
                              /home/xuan/gcc-arm-none-eabi-4_8-2014q3/bin/../lib/gcc/arm-none-eabi/4.8.4/../../../../arm-none-eabi/lib/armv7-m/libg_s.a(lib_a-findfp.o) (_malloc_r)
/home/xuan/gcc-arm-none-eabi-4_8-2014q3/bin/../lib/gcc/arm-none-eabi/4.8.4/../../../../arm-none-eabi/lib/armv7-m/libg_s.a(lib_a-sbrkr.o)
                              /home/xuan/gcc-arm-none-eabi-4_8-2014q3/bin/../lib/gcc/arm-none-eabi/4.8.4/../../../../arm-none-eabi/lib/armv7-m/libg_s.a(lib_a-nano-mallocr.o) (_sbrk_r)
/home/xuan/gcc-arm-none-eabi-4_8-2014q3/bin/../lib/gcc/arm-none-eabi/4.8.4/../../../../arm-none-eabi/lib/armv7-m/libg_s.a(lib_a-sprintf.o)
                              ./src/main.o (sprintf)
/home/xuan/gcc-arm-none-eabi-4_8-2014q3/bin/../lib/gcc/arm-none-eabi/4.8.4/../../../../arm-none-eabi/lib/armv7-m/libg_s.a(lib_a-stdio.o)
                              /home/xuan/gcc-arm-none-eabi-4_8-2014q3/bin/../lib/gcc/arm-none-eabi/4.8.4/../../../../arm-none-eabi/lib/armv7-m/libg_s.a(lib_a-findfp.o) (__sread)
/home/xuan/gcc-arm-none-eabi-4_8-2014q3/bin/../lib/gcc/arm-none-eabi/4.8.4/../../../../arm-none-eabi/lib/armv7-m/libg_s.a(lib_a-strcmp.o)
                              ./system/src/cortexm/exception_handlers.o (strcmp)
/home/xuan/gcc-arm-none-eabi-4_8-2014q3/bin/../lib/gcc/arm-none-eabi/4.8.4/../../../../arm-none-eabi/lib/armv7-m/libg_s.a(lib_a-strlen.o)
                              ./system/src/newlib/_syscalls.o (strlen)
/home/xuan/gcc-arm-none-eabi-4_8-2014q3/bin/../lib/gcc/arm-none-eabi/4.8.4/../../../../arm-none-eabi/lib/armv7-m/libg_s.a(lib_a-strncpy.o)
                              ./system/src/newlib/_syscalls.o (strncpy)
/home/xuan/gcc-arm-none-eabi-4_8-2014q3/bin/../lib/gcc/arm-none-eabi/4.8.4/../../../../arm-none-eabi/lib/armv7-m/libg_s.a(lib_a-svfprintf.o)
                              /home/xuan/gcc-arm-none-eabi-4_8-2014q3/bin/../lib/gcc/arm-none-eabi/4.8.4/../../../../arm-none-eabi/lib/armv7-m/libg_s.a(lib_a-sprintf.o) (_svfprintf_r)
/home/xuan/gcc-arm-none-eabi-4_8-2014q3/bin/../lib/gcc/arm-none-eabi/4.8.4/../../../../arm-none-eabi/lib/armv7-m/libg_s.a(lib_a-vfprintf_i.o)
                              /home/xuan/gcc-arm-none-eabi-4_8-2014q3/bin/../lib/gcc/arm-none-eabi/4.8.4/../../../../arm-none-eabi/lib/armv7-m/libg_s.a(lib_a-svfprintf.o) (_printf_i)
/home/xuan/gcc-arm-none-eabi-4_8-2014q3/bin/../lib/gcc/arm-none-eabi/4.8.4/../../../../arm-none-eabi/lib/armv7-m/libg_s.a(lib_a-vsnprintf.o)
                              ./system/src/diag/Trace.o (vsnprintf)
/home/xuan/gcc-arm-none-eabi-4_8-2014q3/bin/../lib/gcc/arm-none-eabi/4.8.4/../../../../arm-none-eabi/lib/armv7-m/libg_s.a(lib_a-writer.o)
                              /home/xuan/gcc-arm-none-eabi-4_8-2014q3/bin/../lib/gcc/arm-none-eabi/4.8.4/../../../../arm-none-eabi/lib/armv7-m/libg_s.a(lib_a-stdio.o) (_write_r)
/home/xuan/gcc-arm-none-eabi-4_8-2014q3/bin/../lib/gcc/arm-none-eabi/4.8.4/../../../../arm-none-eabi/lib/armv7-m/libg_s.a(lib_a-closer.o)
                              /home/xuan/gcc-arm-none-eabi-4_8-2014q3/bin/../lib/gcc/arm-none-eabi/4.8.4/../../../../arm-none-eabi/lib/armv7-m/libg_s.a(lib_a-stdio.o) (_close_r)
/home/xuan/gcc-arm-none-eabi-4_8-2014q3/bin/../lib/gcc/arm-none-eabi/4.8.4/../../../../arm-none-eabi/lib/armv7-m/libg_s.a(lib_a-fflush.o)
[...]
Memory Configuration

Name             Origin             Length             Attributes
RAM              0x20000000         0x00005000         xrw
CCMRAM           0x00000000         0x00000000         xrw
FLASH            0x08000000         0x00080000         xr
FLASHB1          0x00000000         0x00000000         xr
EXTMEMB0         0x00000000         0x00000000         xr
EXTMEMB1         0x00000000         0x00000000         xr
EXTMEMB2         0x00000000         0x00000000         xr
EXTMEMB3         0x00000000         0x00000000         xr
MEMORY_ARRAY     0x00000000         0x00000000         xrw
*default*        0x00000000         0xffffffff

Linker script and memory map

LOAD ./system/src/stm32f1-stdperiph/misc.o
LOAD ./system/src/stm32f1-stdperiph/stm32f10x_adc.o
LOAD ./system/src/stm32f1-stdperiph/stm32f10x_bkp.o
LOAD ./system/src/stm32f1-stdperiph/stm32f10x_can.o
LOAD ./system/src/stm32f1-stdperiph/stm32f10x_cec.o
LOAD ./system/src/stm32f1-stdperiph/stm32f10x_crc.o
LOAD ./system/src/stm32f1-stdperiph/stm32f10x_dac.o
LOAD ./system/src/stm32f1-stdperiph/stm32f10x_dbgmcu.o
LOAD ./system/src/stm32f1-stdperiph/stm32f10x_dma.o
LOAD ./system/src/stm32f1-stdperiph/stm32f10x_exti.o
LOAD ./system/src/stm32f1-stdperiph/stm32f10x_flash.o
LOAD ./system/src/stm32f1-stdperiph/stm32f10x_fsmc.o
LOAD ./system/src/stm32f1-stdperiph/stm32f10x_gpio.o
LOAD ./system/src/stm32f1-stdperiph/stm32f10x_i2c.o
LOAD ./system/src/stm32f1-stdperiph/stm32f10x_iwdg.o
LOAD ./system/src/stm32f1-stdperiph/stm32f10x_pwr.o
LOAD ./system/src/stm32f1-stdperiph/stm32f10x_rcc.o
LOAD ./system/src/stm32f1-stdperiph/stm32f10x_rtc.o
LOAD ./system/src/stm32f1-stdperiph/stm32f10x_sdio.o
LOAD ./system/src/stm32f1-stdperiph/stm32f10x_spi.o
LOAD ./system/src/stm32f1-stdperiph/stm32f10x_tim.o
LOAD ./system/src/stm32f1-stdperiph/stm32f10x_usart.o
LOAD ./system/src/stm32f1-stdperiph/stm32f10x_wwdg.o
LOAD ./system/src/newlib/_cxx.o
LOAD ./system/src/newlib/_exit.o
LOAD ./system/src/newlib/_sbrk.o
LOAD ./system/src/newlib/_startup.o
LOAD ./system/src/newlib/_syscalls.o
LOAD ./system/src/newlib/assert.o
LOAD ./system/src/diag/Trace.o
LOAD ./system/src/diag/trace_impl.o
LOAD ./system/src/cortexm/_initialize_hardware.o
LOAD ./system/src/cortexm/_reset_hardware.o
LOAD ./system/src/cortexm/exception_handlers.o
LOAD ./system/src/cmsis/system_stm32f10x.o
LOAD ./system/src/cmsis/vectors_stm32f10x.o
LOAD ./src/ADC.o
LOAD ./src/SysTick.o
LOAD ./src/Usart.o
LOAD ./src/main.o
LOAD /home/xuan/gcc-arm-none-eabi-4_8-2014q3/bin/../lib/gcc/arm-none-eabi/4.8.4/../../../../arm-none-eabi/lib/armv7-m/libstdc++_s.a
LOAD /home/xuan/gcc-arm-none-eabi-4_8-2014q3/bin/../lib/gcc/arm-none-eabi/4.8.4/../../../../arm-none-eabi/lib/armv7-m/libm.a
START GROUP
LOAD /home/xuan/gcc-arm-none-eabi-4_8-2014q3/bin/../lib/gcc/arm-none-eabi/4.8.4/armv7-m/libgcc.a
LOAD /home/xuan/gcc-arm-none-eabi-4_8-2014q3/bin/../lib/gcc/arm-none-eabi/4.8.4/../../../../arm-none-eabi/lib/armv7-m/libg_s.a
LOAD /home/xuan/gcc-arm-none-eabi-4_8-2014q3/bin/../lib/gcc/arm-none-eabi/4.8.4/../../../../arm-none-eabi/lib/armv7-m/libc_s.a
END GROUP
START GROUP
LOAD /home/xuan/gcc-arm-none-eabi-4_8-2014q3/bin/../lib/gcc/arm-none-eabi/4.8.4/armv7-m/libgcc.a
LOAD /home/xuan/gcc-arm-none-eabi-4_8-2014q3/bin/../lib/gcc/arm-none-eabi/4.8.4/../../../../arm-none-eabi/lib/armv7-m/libc_s.a
END GROUP
                0x20005000                __stack = (ORIGIN (RAM) + 0x5000)
                0x20005000                _estack = __stack
                0x00000400                __Main_Stack_Size = 0x400
                0x00000400                PROVIDE (_Main_Stack_Size, __Main_Stack_Size)
                0x20004c00                __Main_Stack_Limit = (__stack - __Main_Stack_Size)
                0x20004c00                PROVIDE (_Main_Stack_Limit, __Main_Stack_Limit)
                0x00000100                _Minimum_Stack_Size = 0x100
                0x20000270                PROVIDE (_Heap_Begin, _end_noinit)
                0x20004c00                PROVIDE (_Heap_Limit, (__stack - __Main_Stack_Size))

.isr_vector     0x08000000      0x428
 FILL mask 0xff
                0x08000000                __vectors_start = ABSOLUTE (.)
                0x08000000                __vectors_start__ = ABSOLUTE (.)
 *(.isr_vector)
 .isr_vector    0x08000000      0x1e4 ./system/src/cmsis/vectors_stm32f10x.o
                0x08000000                __isr_vectors
 *(.cfmconfig)
 *(.after_vectors .after_vectors.*)
 .after_vectors
                0x080001e4      0x114 ./system/src/newlib/_startup.o
                0x080001e4                _start
 .after_vectors
                0x080002f8      0x12c ./system/src/cortexm/exception_handlers.o
                0x080002f8                Reset_Handler
                0x08000300                NMI_Handler
                0x08000304                HardFault_Handler
                0x08000318                HardFault_Handler_C
                0x08000374                MemManage_Handler
                0x08000378                BusFault_Handler
                0x0800038c                BusFault_Handler_C
                0x080003c0                UsageFault_Handler
                0x080003d4                UsageFault_Handler_C
                0x08000408                SVC_Handler
                0x0800040c                DebugMon_Handler
                0x08000410                PendSV_Handler
 .after_vectors
                0x08000424        0x4 ./system/src/cmsis/vectors_stm32f10x.o
                0x08000424                EXTI2_IRQHandler
                0x08000424                TIM8_TRG_COM_IRQHandler
                0x08000424                TIM8_CC_IRQHandler
                0x08000424                TIM1_CC_IRQHandler
                0x08000424                TIM6_IRQHandler
                0x08000424                PVD_IRQHandler
                0x08000424                SDIO_IRQHandler
                0x08000424                CAN2_RX1_IRQHandler
                0x08000424                EXTI3_IRQHandler
                0x08000424                TIM8_TRG_COM_TIM14_IRQHandler
                0x08000424                TIM1_UP_TIM10_IRQHandler
                0x08000424                TIM8_UP_TIM13_IRQHandler
                0x08000424                EXTI0_IRQHandler
                0x08000424                I2C2_EV_IRQHandler
                0x08000424                CAN1_RX0_IRQHandler
                0x08000424                TIM1_UP_TIM16_IRQHandler
                0x08000424                CAN2_SCE_IRQHandler
                0x08000424                ADC1_2_IRQHandler
                0x08000424                SPI1_IRQHandler
                0x08000424                TAMPER_IRQHandler
                0x08000424                TIM6_DAC_IRQHandler
                0x08000424                TIM1_BRK_TIM9_IRQHandler
                0x08000424                CAN2_RX0_IRQHandler
                0x08000424                TIM8_UP_IRQHandler
                0x08000424                DMA2_Channel2_IRQHandler
                0x08000424                DMA1_Channel4_IRQHandler
                0x08000424                USART3_IRQHandler
                0x08000424                RTC_IRQHandler
                0x08000424                DMA1_Channel7_IRQHandler
                0x08000424                CAN1_RX1_IRQHandler
                0x08000424                UART5_IRQHandler
                0x08000424                ADC3_IRQHandler
                0x08000424                TIM4_IRQHandler
                0x08000424                DMA2_Channel1_IRQHandler
                0x08000424                I2C1_EV_IRQHandler
                0x08000424                DMA1_Channel6_IRQHandler
                0x08000424                UART4_IRQHandler
                0x08000424                DMA2_Channel4_IRQHandler
                0x08000424                TIM3_IRQHandler
                0x08000424                RCC_IRQHandler
                0x08000424                TIM8_BRK_TIM12_IRQHandler
                0x08000424                TIM1_TRG_COM_IRQHandler
                0x08000424                DMA1_Channel1_IRQHandler
                0x08000424                Default_Handler
                0x08000424                CEC_IRQHandler
                0x08000424                EXTI15_10_IRQHandler
                0x08000424                TIM14_IRQHandler
                0x08000424                TIM13_IRQHandler
                0x08000424                TIM12_IRQHandler
                0x08000424                TIM7_IRQHandler
                0x08000424                CAN2_TX_IRQHandler
                0x08000424                TIM5_IRQHandler
                0x08000424                EXTI9_5_IRQHandler
                0x08000424                ETH_WKUP_IRQHandler
                0x08000424                SPI2_IRQHandler
                0x08000424                CAN1_TX_IRQHandler
                0x08000424                DMA2_Channel5_IRQHandler
                0x08000424                DMA1_Channel5_IRQHandler
                0x08000424                EXTI4_IRQHandler
                0x08000424                USB_LP_CAN1_RX0_IRQHandler
                0x08000424                TIM1_TRG_COM_TIM17_IRQHandler
                0x08000424                USB_HP_CAN1_TX_IRQHandler
                0x08000424                DMA1_Channel3_IRQHandler
                0x08000424                FSMC_IRQHandler
                0x08000424                ETH_IRQHandler
                0x08000424                TIM1_UP_IRQHandler
                0x08000424                WWDG_IRQHandler
                0x08000424                TIM2_IRQHandler
                0x08000424                OTG_FS_WKUP_IRQHandler
                0x08000424                TIM1_TRG_COM_TIM11_IRQHandler
                0x08000424                TIM1_BRK_IRQHandler
                0x08000424                EXTI1_IRQHandler
                0x08000424                RTCAlarm_IRQHandler
                0x08000424                DMA2_Channel4_5_IRQHandler
                0x08000424                USART2_IRQHandler
                0x08000424                I2C2_ER_IRQHandler
                0x08000424                DMA1_Channel2_IRQHandler
                0x08000424                TIM8_BRK_IRQHandler
                0x08000424                CAN1_SCE_IRQHandler
                0x08000424                FLASH_IRQHandler
                0x08000424                USART1_IRQHandler
                0x08000424                OTG_FS_IRQHandler
                0x08000424                SPI3_IRQHandler
                0x08000424                I2C1_ER_IRQHandler
                0x08000424                USBWakeUp_IRQHandler
                0x08000424                DMA2_Channel3_IRQHandler
                0x08000424                TIM1_BRK_TIM15_IRQHandler

.inits          0x08000428       0x28
                0x08000428                __data_regions_array_start = .
                0x08000428        0x4 LONG 0x8002abc LOADADDR (.data)
                0x0800042c        0x4 LONG 0x20000000 ADDR (.data)
                0x08000430        0x4 LONG 0x20000098 (ADDR (.data) + SIZEOF (.data))
                0x08000434        0x4 LONG 0x8002abc LOADADDR (.data_CCMRAM)
                0x08000438        0x4 LONG 0x0 ADDR (.data_CCMRAM)
                0x0800043c        0x4 LONG 0x0 (ADDR (.data_CCMRAM) + SIZEOF (.data_CCMRAM))
                0x08000440                __data_regions_array_end = .
                0x08000440                __bss_regions_array_start = .
                0x08000440        0x4 LONG 0x20000098 ADDR (.bss)
                0x08000444        0x4 LONG 0x20000270 (ADDR (.bss) + SIZEOF (.bss))
                0x08000448        0x4 LONG 0x0 ADDR (.bss_CCMRAM)
                0x0800044c        0x4 LONG 0x0 (ADDR (.bss_CCMRAM) + SIZEOF (.bss_CCMRAM))
                0x08000450                __bss_regions_array_end = .
 *(.init)
 *(.fini)
                0x08000450                . = ALIGN (0x4)
                0x08000450                PROVIDE (__preinit_array_start, .)
 *(.preinit_array_sysinit .preinit_array_sysinit.*)
 *(.preinit_array_platform .preinit_array_platform.*)
 *(.preinit_array .preinit_array.*)
                0x08000450                PROVIDE (__preinit_array_end, .)
                0x08000450                . = ALIGN (0x4)
                0x08000450                PROVIDE (__init_array_start, .)
 *(SORT(.init_array.*))
 *(.init_array)
                0x08000450                PROVIDE (__init_array_end, .)
                0x08000450                . = ALIGN (0x4)
                0x08000450                PROVIDE (__fini_array_start, .)
 *(SORT(.fini_array.*))
 *(.fini_array)
                0x08000450                PROVIDE (__fini_array_end, .)

.flashtext
 *(.flashtext .flashtext.*)

.text           0x08000450     0x2669
 *(.text .text.*)
 .text.ADC_Init
                0x08000450      0x148 ./system/src/stm32f1-stdperiph/stm32f10x_adc.o
                0x08000450                ADC_Init
 .text.ADC_Cmd  0x08000598       0x54 ./system/src/stm32f1-stdperiph/stm32f10x_adc.o
                0x08000598                ADC_Cmd
 .text.ADC_DMACmd
                0x080005ec       0x4c ./system/src/stm32f1-stdperiph/stm32f10x_adc.o
                0x080005ec                ADC_DMACmd
 .text.ADC_ResetCalibration
                0x08000638       0x38 ./system/src/stm32f1-stdperiph/stm32f10x_adc.o
                0x08000638                ADC_ResetCalibration
 .text.ADC_GetResetCalibrationStatus
                0x08000670       0x3c ./system/src/stm32f1-stdperiph/stm32f10x_adc.o
                0x08000670                ADC_GetResetCalibrationStatus
 .text.ADC_StartCalibration
                0x080006ac       0x38 ./system/src/stm32f1-stdperiph/stm32f10x_adc.o
                0x080006ac                ADC_StartCalibration
 .text.ADC_GetCalibrationStatus
                0x080006e4       0x3c ./system/src/stm32f1-stdperiph/stm32f10x_adc.o
                0x080006e4                ADC_GetCalibrationStatus
 .text.ADC_SoftwareStartConvCmd
                0x08000720       0x54 ./system/src/stm32f1-stdperiph/stm32f10x_adc.o
                0x08000720                ADC_SoftwareStartConvCmd
 .text.ADC_RegularChannelConfig
                0x08000774       0xf0 ./system/src/stm32f1-stdperiph/stm32f10x_adc.o
                0x08000774                ADC_RegularChannelConfig
 .text.ADC_GetConversionValue
                0x08000864       0x34 ./system/src/stm32f1-stdperiph/stm32f10x_adc.o
                0x08000864                ADC_GetConversionValue
 .text.ADC_GetFlagStatus
                0x08000898       0x5c ./system/src/stm32f1-stdperiph/stm32f10x_adc.o
                0x08000898                ADC_GetFlagStatus
 .text.ADC_ClearFlag
                0x080008f4       0x48 ./system/src/stm32f1-stdperiph/stm32f10x_adc.o
                0x080008f4                ADC_ClearFlag
 .text.DMA_DeInit
                0x0800093c      0x178 ./system/src/stm32f1-stdperiph/stm32f10x_dma.o
                0x0800093c                DMA_DeInit
 .text.DMA_Init
                0x08000ab4      0x150 ./system/src/stm32f1-stdperiph/stm32f10x_dma.o
                0x08000ab4                DMA_Init
 .text.DMA_Cmd  0x08000c04       0x8c ./system/src/stm32f1-stdperiph/stm32f10x_dma.o
                0x08000c04                DMA_Cmd
 .text.GPIO_Init
                0x08000c90      0x12c ./system/src/stm32f1-stdperiph/stm32f10x_gpio.o
                0x08000c90                GPIO_Init
 .text.RCC_GetClocksFreq
                0x08000dbc       0xc0 ./system/src/stm32f1-stdperiph/stm32f10x_rcc.o
                0x08000dbc                RCC_GetClocksFreq
 .text.RCC_AHBPeriphClockCmd
                0x08000e7c       0x4c ./system/src/stm32f1-stdperiph/stm32f10x_rcc.o
                0x08000e7c                RCC_AHBPeriphClockCmd
 .text.RCC_APB2PeriphClockCmd
                0x08000ec8       0x4c ./system/src/stm32f1-stdperiph/stm32f10x_rcc.o
                0x08000ec8                RCC_APB2PeriphClockCmd
 .text.USART_Init
                0x08000f14      0x1ac ./system/src/stm32f1-stdperiph/stm32f10x_usart.o
                0x08000f14                USART_Init
 .text.USART_Cmd
                0x080010c0       0x68 ./system/src/stm32f1-stdperiph/stm32f10x_usart.o
                0x080010c0                USART_Cmd
 .text.USART_ITConfig
                0x08001128       0xec ./system/src/stm32f1-stdperiph/stm32f10x_usart.o
                0x08001128                USART_ITConfig
 .text.USART_SendData
                0x08001214       0x58 ./system/src/stm32f1-stdperiph/stm32f10x_usart.o
                0x08001214                USART_SendData
 .text.USART_GetFlagStatus
                0x0800126c       0xa8 ./system/src/stm32f1-stdperiph/stm32f10x_usart.o
                0x0800126c                USART_GetFlagStatus
 .text.USART_ClearFlag
                0x08001314       0x84 ./system/src/stm32f1-stdperiph/stm32f10x_usart.o
                0x08001314                USART_ClearFlag
 .text.abort    0x08001398       0x14 ./system/src/newlib/_exit.o
                0x08001398                abort
 .text._sbrk    0x080013ac       0x44 ./system/src/newlib/_sbrk.o
                0x080013ac                _sbrk
 .text._exit    0x080013f0       0x20 ./system/src/newlib/_syscalls.o
                0x080013f0                _exit
 .text.initialise_monitor_handles
                0x08001410       0xa8 ./system/src/newlib/_syscalls.o
                0x08001410                initialise_monitor_handles
 .text.__initialize_args
                0x080014b8       0xdc ./system/src/newlib/_syscalls.o
                0x080014b8                __initialize_args
 .text.assert_failed
                0x08001594       0x18 ./system/src/newlib/assert.o
                0x08001594                assert_failed
 .text.trace_printf
                0x080015ac       0x34 ./system/src/diag/Trace.o
                0x080015ac                trace_printf
 .text.trace_puts
                0x080015e0       0x20 ./system/src/diag/Trace.o
                0x080015e0                trace_puts
 .text._trace_write_semihosting_debug
                0x08001600       0x60 ./system/src/diag/trace_impl.o
 .text.trace_write
                0x08001660        0x8 ./system/src/diag/trace_impl.o
                0x08001660                trace_write
 .text.__initialize_hardware_early
                0x08001668       0x18 ./system/src/cortexm/_initialize_hardware.o
                0x08001668                __initialize_hardware_early
 .text.__initialize_hardware
                0x08001680        0x8 ./system/src/cortexm/_initialize_hardware.o
                0x08001680                __initialize_hardware
 .text.dumpExceptionStack
                0x08001688       0xf0 ./system/src/cortexm/exception_handlers.o
                0x08001688                dumpExceptionStack
 .text.isSemihosting
                0x08001778      0x100 ./system/src/cortexm/exception_handlers.o
                0x08001778                isSemihosting
 .text.SetSysClockTo72
                0x08001878       0xc8 ./system/src/cmsis/system_stm32f10x.o
 .text.SetSysClock
                0x08001940        0x8 ./system/src/cmsis/system_stm32f10x.o
 .text.SystemInit
                0x08001948       0x50 ./system/src/cmsis/system_stm32f10x.o
                0x08001948                SystemInit
 .text.SystemCoreClockUpdate
                0x08001998       0x94 ./system/src/cmsis/system_stm32f10x.o
                0x08001998                SystemCoreClockUpdate
 .text.read_adc
                0x08001a2c       0x70 ./src/ADC.o
                0x08001a2c                read_adc
 .text.SysTick_Configuration
                0x08001a9c       0x60 ./src/SysTick.o
                0x08001a9c                SysTick_Configuration
 .text.SysTick_Handler
                0x08001afc       0x34 ./src/SysTick.o
                0x08001afc                SysTick_Handler
 .text.SysTick_DelayMs
                0x08001b30       0x14 ./src/SysTick.o
                0x08001b30                SysTick_DelayMs
 .text.USART_Configuration
                0x08001b44       0xa0 ./src/Usart.o
                0x08001b44                USART_Configuration
 .text.USART_SendText
                0x08001be4       0x28 ./src/Usart.o
                0x08001be4                USART_SendText
 .text.ADC_Configuration
                0x08001c0c       0xe8 ./src/main.o
                0x08001c0c                ADC_Configuration
 .text.main     0x08001cf4       0x68 ./src/main.o
                0x08001cf4                main
 .text.__errno  0x08001d5c        0xc /home/xuan/gcc-arm-none-eabi-4_8-2014q3/bin/../lib/gcc/arm-none-eabi/4.8.4/../../../../arm-none-eabi/lib/armv7-m/libg_s.a(lib_a-errno.o)
                0x08001d5c                __errno
 .text._malloc_r
                0x08001d68       0xa8 /home/xuan/gcc-arm-none-eabi-4_8-2014q3/bin/../lib/gcc/arm-none-eabi/4.8.4/../../../../arm-none-eabi/lib/armv7-m/libg_s.a(lib_a-nano-mallocr.o)
                0x08001d68                _malloc_r
 .text._sbrk_r  0x08001e10       0x20 /home/xuan/gcc-arm-none-eabi-4_8-2014q3/bin/../lib/gcc/arm-none-eabi/4.8.4/../../../../arm-none-eabi/lib/armv7-m/libg_s.a(lib_a-sbrkr.o)
                0x08001e10                _sbrk_r
 .text.sprintf  0x08001e30       0x48 /home/xuan/gcc-arm-none-eabi-4_8-2014q3/bin/../lib/gcc/arm-none-eabi/4.8.4/../../../../arm-none-eabi/lib/armv7-m/libg_s.a(lib_a-sprintf.o)
                0x08001e30                sprintf
                0x08001e30                siprintf
 .text          0x08001e78       0x14 /home/xuan/gcc-arm-none-eabi-4_8-2014q3/bin/../lib/gcc/arm-none-eabi/4.8.4/../../../../arm-none-eabi/lib/armv7-m/libg_s.a(lib_a-strcmp.o)
                0x08001e78                strcmp
 .text.strlen   0x08001e8c       0x10 /home/xuan/gcc-arm-none-eabi-4_8-2014q3/bin/../lib/gcc/arm-none-eabi/4.8.4/../../../../arm-none-eabi/lib/armv7-m/libg_s.a(lib_a-strlen.o)
                0x08001e8c                strlen
 .text.__ssputs_r
                0x08001e9c       0xb8 /home/xuan/gcc-arm-none-eabi-4_8-2014q3/bin/../lib/gcc/arm-none-eabi/4.8.4/../../../../arm-none-eabi/lib/armv7-m/libg_s.a(lib_a-svfprintf.o)
                0x08001e9c                __ssputs_r
 .text._svfprintf_r
                0x08001f54      0x1d8 /home/xuan/gcc-arm-none-eabi-4_8-2014q3/bin/../lib/gcc/arm-none-eabi/4.8.4/../../../../arm-none-eabi/lib/armv7-m/libg_s.a(lib_a-svfprintf.o)
                0x08001f54                _svfprintf_r
                0x08001f54                _svfiprintf_r
 .text._printf_common
                0x0800212c       0xe4 /home/xuan/gcc-arm-none-eabi-4_8-2014q3/bin/../lib/gcc/arm-none-eabi/4.8.4/../../../../arm-none-eabi/lib/armv7-m/libg_s.a(lib_a-vfprintf_i.o)
                0x0800212c                _printf_common
 .text._printf_i
                0x08002210      0x228 /home/xuan/gcc-arm-none-eabi-4_8-2014q3/bin/../lib/gcc/arm-none-eabi/4.8.4/../../../../arm-none-eabi/lib/armv7-m/libg_s.a(lib_a-vfprintf_i.o)
                0x08002210                _printf_i
 .text._vsnprintf_r
                0x08002438       0x52 /home/xuan/gcc-arm-none-eabi-4_8-2014q3/bin/../lib/gcc/arm-none-eabi/4.8.4/../../../../arm-none-eabi/lib/armv7-m/libg_s.a(lib_a-vsnprintf.o)
                0x08002438                _vsnprintf_r
                0x08002438                _vsniprintf_r
 *fill*         0x0800248a        0x2 
 .text.vsnprintf
                0x0800248c       0x20 /home/xuan/gcc-arm-none-eabi-4_8-2014q3/bin/../lib/gcc/arm-none-eabi/4.8.4/../../../../arm-none-eabi/lib/armv7-m/libg_s.a(lib_a-vsnprintf.o)
                0x0800248c                vsnprintf
                0x0800248c                vsniprintf
 .text.memchr   0x080024ac       0x1c /home/xuan/gcc-arm-none-eabi-4_8-2014q3/bin/../lib/gcc/arm-none-eabi/4.8.4/../../../../arm-none-eabi/lib/armv7-m/libg_s.a(lib_a-memchr-stub.o)
                0x080024ac                memchr
 .text.memcpy   0x080024c8       0x12 /home/xuan/gcc-arm-none-eabi-4_8-2014q3/bin/../lib/gcc/arm-none-eabi/4.8.4/../../../../arm-none-eabi/lib/armv7-m/libg_s.a(lib_a-memcpy-stub.o)
                0x080024c8                memcpy
 .text.memmove  0x080024da       0x36 /home/xuan/gcc-arm-none-eabi-4_8-2014q3/bin/../lib/gcc/arm-none-eabi/4.8.4/../../../../arm-none-eabi/lib/armv7-m/libg_s.a(lib_a-memmove.o)
                0x080024da                memmove
 .text._free_r  0x08002510       0x88 /home/xuan/gcc-arm-none-eabi-4_8-2014q3/bin/../lib/gcc/arm-none-eabi/4.8.4/../../../../arm-none-eabi/lib/armv7-m/libg_s.a(lib_a-nano-freer.o)
                0x08002510                _free_r
 .text._realloc_r
                0x08002598       0x4c /home/xuan/gcc-arm-none-eabi-4_8-2014q3/bin/../lib/gcc/arm-none-eabi/4.8.4/../../../../arm-none-eabi/lib/armv7-m/libg_s.a(lib_a-nano-reallocr.o)
                0x08002598                _realloc_r
 .text._malloc_usable_size_r
                0x080025e4       0x12 /home/xuan/gcc-arm-none-eabi-4_8-2014q3/bin/../lib/gcc/arm-none-eabi/4.8.4/../../../../arm-none-eabi/lib/armv7-m/libg_s.a(lib_a-nano-msizer.o)
                0x080025e4                _malloc_usable_size_r
 *(.rodata .rodata.* .constdata .constdata.*)
 *fill*         0x080025f6        0x2 
 .rodata.str1.4
                0x080025f8       0x30 ./system/src/stm32f1-stdperiph/stm32f10x_adc.o
 .rodata.str1.4
                0x08002628       0x30 ./system/src/stm32f1-stdperiph/stm32f10x_dma.o
 .rodata.str1.4
                0x08002658       0x31 ./system/src/stm32f1-stdperiph/stm32f10x_gpio.o
                                 0x34 (size before relaxing)
 *fill*         0x08002689        0x3 
 .rodata.str1.4
                0x0800268c       0x30 ./system/src/stm32f1-stdperiph/stm32f10x_rcc.o
 .rodata.str1.4
                0x080026bc       0x32 ./system/src/stm32f1-stdperiph/stm32f10x_usart.o
                                 0x34 (size before relaxing)
 *fill*         0x080026ee        0x2 
 .rodata.str1.4
                0x080026f0       0x14 ./system/src/newlib/_exit.o
 .rodata.str1.4
                0x08002704        0x9 ./system/src/newlib/_syscalls.o
                                  0xc (size before relaxing)
 *fill*         0x0800270d        0x3 
 .rodata.str1.4
                0x08002710       0x6b ./system/src/newlib/assert.o
                                 0x70 (size before relaxing)
 *fill*         0x0800277b        0x1 
 .rodata.str1.4
                0x0800277c       0x29 ./system/src/diag/Trace.o
                                 0x30 (size before relaxing)
 *fill*         0x080027a5        0x3 
 .rodata.str1.4
                0x080027a8      0x146 ./system/src/cortexm/exception_handlers.o
                                0x14c (size before relaxing)
 *fill*         0x080028ee        0x2 
 .rodata.str1.4
                0x080028f0        0xd ./src/ADC.o
                                 0x10 (size before relaxing)
 *fill*         0x080028fd        0x3 
 .rodata.str1.4
                0x08002900       0x20 ./src/main.o
 .rodata._ctype_
                0x08002920      0x101 /home/xuan/gcc-arm-none-eabi-4_8-2014q3/bin/../lib/gcc/arm-none-eabi/4.8.4/../../../../arm-none-eabi/lib/armv7-m/libg_s.a(lib_a-ctype_.o)
                0x08002920                _ctype_
 *fill*         0x08002a21        0x3 
 .rodata.__sf_fake_stdin
                0x08002a24       0x20 /home/xuan/gcc-arm-none-eabi-4_8-2014q3/bin/../lib/gcc/arm-none-eabi/4.8.4/../../../../arm-none-eabi/lib/armv7-m/libg_s.a(lib_a-findfp.o)
                0x08002a24                __sf_fake_stdin
 .rodata.__sf_fake_stdout
                0x08002a44       0x20 /home/xuan/gcc-arm-none-eabi-4_8-2014q3/bin/../lib/gcc/arm-none-eabi/4.8.4/../../../../arm-none-eabi/lib/armv7-m/libg_s.a(lib_a-findfp.o)
                0x08002a44                __sf_fake_stdout
 .rodata.__sf_fake_stderr
                0x08002a64       0x20 /home/xuan/gcc-arm-none-eabi-4_8-2014q3/bin/../lib/gcc/arm-none-eabi/4.8.4/../../../../arm-none-eabi/lib/armv7-m/libg_s.a(lib_a-findfp.o)
                0x08002a64                __sf_fake_stderr
 .rodata.str1.1
                0x08002a84        0x2 /home/xuan/gcc-arm-none-eabi-4_8-2014q3/bin/../lib/gcc/arm-none-eabi/4.8.4/../../../../arm-none-eabi/lib/armv7-m/libg_s.a(lib_a-impure.o)
 .rodata.str1.1
                0x08002a86       0x11 /home/xuan/gcc-arm-none-eabi-4_8-2014q3/bin/../lib/gcc/arm-none-eabi/4.8.4/../../../../arm-none-eabi/lib/armv7-m/libg_s.a(lib_a-svfprintf.o)
 .rodata.str1.1
                0x08002a97       0x22 /home/xuan/gcc-arm-none-eabi-4_8-2014q3/bin/../lib/gcc/arm-none-eabi/4.8.4/../../../../arm-none-eabi/lib/armv7-m/libg_s.a(lib_a-vfprintf_i.o)
 *(vtable)
 *(.eh_frame*)
 *(.glue_7)
 .glue_7        0x00000000        0x0 linker stubs
 *(.glue_7t)
 .glue_7t       0x00000000        0x0 linker stubs

.vfp11_veneer   0x08002abc        0x0
 .vfp11_veneer  0x00000000        0x0 linker stubs

.v4_bx          0x08002abc        0x0
 .v4_bx         0x00000000        0x0 linker stubs

.iplt           0x08002abc        0x0
 .iplt          0x00000000        0x0 ./system/src/stm32f1-stdperiph/misc.o

.rel.dyn        0x08002abc        0x0
 .rel.iplt      0x00000000        0x0 ./system/src/stm32f1-stdperiph/misc.o

.ARM.extab
 *(.ARM.extab* .gnu.linkonce.armextab.*)
                0x08002abc                . = ALIGN (0x4)
                0x08002abc                __exidx_start = .

.ARM.exidx
 *(.ARM.exidx* .gnu.linkonce.armexidx.*)
                0x08002abc                __exidx_end = .
                0x08002abc                . = ALIGN (0x4)
                0x08002abc                _etext = .
                0x08002abc                __etext = .

.data_CCMRAM    0x00000000        0x0 load address 0x08002abc
 FILL mask 0xff
 *(.data.CCMRAM .data.CCMRAM.*)
                0x00000000                . = ALIGN (0x4)
                0x08002abc                _sidata = LOADADDR (.data)

.data           0x20000000       0x98 load address 0x08002abc
 FILL mask 0xff
                0x20000000                _sdata = .
                0x20000000                __data_start__ = .
 *(.data_begin .data_begin.*)
 .data_begin    0x20000000        0x4 ./system/src/newlib/_startup.o
 *(.data .data.*)
 .data.ADCPrescTable
                0x20000004        0x4 ./system/src/stm32f1-stdperiph/stm32f10x_rcc.o
 .data.APBAHBPrescTable
                0x20000008       0x10 ./system/src/stm32f1-stdperiph/stm32f10x_rcc.o
 .data.AHBPrescTable
                0x20000018       0x10 ./system/src/cmsis/system_stm32f10x.o
                0x20000018                AHBPrescTable
 .data.SystemCoreClock
                0x20000028        0x4 ./system/src/cmsis/system_stm32f10x.o
                0x20000028                SystemCoreClock
 .data.__ctype_ptr__
                0x2000002c        0x4 /home/xuan/gcc-arm-none-eabi-4_8-2014q3/bin/../lib/gcc/arm-none-eabi/4.8.4/../../../../arm-none-eabi/lib/armv7-m/libg_s.a(lib_a-ctype_.o)
                0x2000002c                __ctype_ptr__
 .data.impure_data
                0x20000030       0x60 /home/xuan/gcc-arm-none-eabi-4_8-2014q3/bin/../lib/gcc/arm-none-eabi/4.8.4/../../../../arm-none-eabi/lib/armv7-m/libg_s.a(lib_a-impure.o)
 .data._impure_ptr
                0x20000090        0x4 /home/xuan/gcc-arm-none-eabi-4_8-2014q3/bin/../lib/gcc/arm-none-eabi/4.8.4/../../../../arm-none-eabi/lib/armv7-m/libg_s.a(lib_a-impure.o)
                0x20000090                _impure_ptr
 *(.data_end .data_end.*)
 .data_end      0x20000094        0x4 ./system/src/newlib/_startup.o
                0x20000098                . = ALIGN (0x4)
                0x20000098                _edata = .
                0x20000098                __data_end__ = .

.igot.plt       0x20000098        0x0 load address 0x08002b54
 .igot.plt      0x00000000        0x0 ./system/src/stm32f1-stdperiph/misc.o

.bss_CCMRAM     0x00000000        0x0
 *(.bss.CCMRAM .bss.CCMRAM.*)

.bss            0x20000098      0x1d8
                0x20000098                __bss_start__ = .
                0x20000098                _sbss = .
 *(.bss_begin .bss_begin.*)
 .bss_begin     0x20000098        0x4 ./system/src/newlib/_startup.o
 *(.bss .bss.*)
 .bss.current_heap_end.4289
                0x2000009c        0x4 ./system/src/newlib/_sbrk.o
 .bss.monitor_stdout
                0x200000a0        0x4 ./system/src/newlib/_syscalls.o
 .bss.args_buf.5809
                0x200000a4       0x50 ./system/src/newlib/_syscalls.o
 .bss.monitor_stdin
                0x200000f4        0x4 ./system/src/newlib/_syscalls.o
 .bss.monitor_stderr
                0x200000f8        0x4 ./system/src/newlib/_syscalls.o
 .bss.argv_buf.5810
                0x200000fc       0x28 ./system/src/newlib/_syscalls.o
 .bss.openfiles
                0x20000124       0xa0 ./system/src/newlib/_syscalls.o
 .bss.buf.5352  0x200001c4       0x80 ./system/src/diag/Trace.o
 .bss.__systemTickTimmingDelay
                0x20000244        0x4 ./src/SysTick.o
 .bss.__systemTickCount
                0x20000248        0x4 ./src/SysTick.o
 .bss.__systemTickTimeout
                0x2000024c        0x4 ./src/SysTick.o
 .bss.__malloc_sbrk_start
                0x20000250        0x4 /home/xuan/gcc-arm-none-eabi-4_8-2014q3/bin/../lib/gcc/arm-none-eabi/4.8.4/../../../../arm-none-eabi/lib/armv7-m/libg_s.a(lib_a-nano-mallocr.o)
                0x20000250                __malloc_sbrk_start
 .bss.__malloc_free_list
                0x20000254        0x4 /home/xuan/gcc-arm-none-eabi-4_8-2014q3/bin/../lib/gcc/arm-none-eabi/4.8.4/../../../../arm-none-eabi/lib/armv7-m/libg_s.a(lib_a-nano-mallocr.o)
                0x20000254                __malloc_free_list
 *(COMMON)
 COMMON         0x20000258        0x4 ./system/src/newlib/_syscalls.o
                0x20000258                errno
 *fill*         0x2000025c        0x4 
 COMMON         0x20000260        0xc ./src/main.o
                0x20000260                AD_value
                0x20000268                ADC_ConvertedValue
                0x2000026a                ADCValue
 *(.bss_end .bss_end.*)
 .bss_end       0x2000026c        0x4 ./system/src/newlib/_startup.o
                0x20000270                . = ALIGN (0x4)
                0x20000270                __bss_end__ = .
                0x20000270                _ebss = .

.noinit_CCMRAM
 *(.noinit.CCMRAM .noinit.CCMRAM.*)

.noinit         0x20000270        0x0
                0x20000270                _noinit = .
 *(.noinit .noinit.*)
                0x20000270                . = ALIGN (0x4)
                0x20000270                _end_noinit = .
                0x20000270                PROVIDE (end, _end_noinit)
                0x20000270                PROVIDE (_end, _end_noinit)
                0x20000270                PROVIDE (__end, _end_noinit)
                0x20000270                PROVIDE (__end__, _end_noinit)

._check_stack   0x20000270      0x100
                0x20000370                . = (. + _Minimum_Stack_Size)
 *fill*         0x20000270      0x100 

.b1text
 *(.b1text)
 *(.b1rodata)
 *(.b1rodata.*)

.eb0text
 *(.eb0text)
 *(.eb0rodata)
 *(.eb0rodata.*)

.eb1text
 *(.eb1text)
 *(.eb1rodata)
 *(.eb1rodata.*)

.eb2text
 *(.eb2text)
 *(.eb2rodata)
 *(.eb2rodata.*)

.eb3text
 *(.eb3text)
 *(.eb3rodata)
 *(.eb3rodata.*)

.stab
 *(.stab)

.stabstr
 *(.stabstr)

.stab.excl
 *(.stab.excl)

.stab.exclstr
 *(.stab.exclstr)

.stab.index
 *(.stab.index)

.stab.indexstr
 *(.stab.indexstr)

.comment        0x00000000       0x70
 *(.comment)
 .comment       0x00000000       0x70 ./system/src/stm32f1-stdperiph/stm32f10x_adc.o
                                 0x71 (size before relaxing)
 .comment       0x00000000       0x71 ./system/src/stm32f1-stdperiph/stm32f10x_dma.o
 .comment       0x00000000       0x71 ./system/src/stm32f1-stdperiph/stm32f10x_gpio.o
 .comment       0x00000000       0x71 ./system/src/stm32f1-stdperiph/stm32f10x_rcc.o
 .comment       0x00000000       0x71 ./system/src/stm32f1-stdperiph/stm32f10x_usart.o
 .comment       0x00000000       0x71 ./system/src/newlib/_exit.o
 .comment       0x00000000       0x71 ./system/src/newlib/_sbrk.o
 .comment       0x00000000       0x71 ./system/src/newlib/_startup.o
 .comment       0x00000000       0x71 ./system/src/newlib/_syscalls.o
 .comment       0x00000000       0x71 ./system/src/newlib/assert.o
 .comment       0x00000000       0x71 ./system/src/diag/Trace.o
 .comment       0x00000000       0x71 ./system/src/diag/trace_impl.o
 .comment       0x00000000       0x71 ./system/src/cortexm/_initialize_hardware.o
 .comment       0x00000000       0x71 ./system/src/cortexm/exception_handlers.o
 .comment       0x00000000       0x71 ./system/src/cmsis/system_stm32f10x.o
 .comment       0x00000000       0x71 ./system/src/cmsis/vectors_stm32f10x.o
 .comment       0x00000000       0x71 ./src/ADC.o
 .comment       0x00000000       0x71 ./src/SysTick.o
 .comment       0x00000000       0x71 ./src/Usart.o
 .comment       0x00000000       0x71 ./src/main.o

.ARM.attributes
                0x00000000       0x31
 .ARM.attributes
                0x00000000       0x33 ./system/src/stm32f1-stdperiph/stm32f10x_adc.o
 .ARM.attributes
                0x00000033       0x33 ./system/src/stm32f1-stdperiph/stm32f10x_dma.o
 .ARM.attributes
                0x00000066       0x33 ./system/src/stm32f1-stdperiph/stm32f10x_gpio.o
 .ARM.attributes
                0x00000099       0x33 ./system/src/stm32f1-stdperiph/stm32f10x_rcc.o
 .ARM.attributes
                0x000000cc       0x33 ./system/src/stm32f1-stdperiph/stm32f10x_usart.o
 .ARM.attributes
                0x000000ff       0x33 ./system/src/newlib/_exit.o
 .ARM.attributes
                0x00000132       0x33 ./system/src/newlib/_sbrk.o
 .ARM.attributes
                0x00000165       0x33 ./system/src/newlib/_startup.o
 .ARM.attributes
                0x00000198       0x33 ./system/src/newlib/_syscalls.o
 .ARM.attributes
                0x000001cb       0x33 ./system/src/newlib/assert.o
 .ARM.attributes
                0x000001fe       0x33 ./system/src/diag/Trace.o
 .ARM.attributes
                0x00000231       0x33 ./system/src/diag/trace_impl.o
 .ARM.attributes
                0x00000264       0x33 ./system/src/cortexm/_initialize_hardware.o
 .ARM.attributes
                0x00000297       0x33 ./system/src/cortexm/exception_handlers.o
 .ARM.attributes
                0x000002ca       0x33 ./system/src/cmsis/system_stm32f10x.o
 .ARM.attributes
                0x000002fd       0x33 ./system/src/cmsis/vectors_stm32f10x.o
 .ARM.attributes
                0x00000330       0x33 ./src/ADC.o
 .ARM.attributes
                0x00000363       0x33 ./src/SysTick.o
 .ARM.attributes
                0x00000396       0x33 ./src/Usart.o
 .ARM.attributes
                0x000003c9       0x33 ./src/main.o
 .ARM.attributes
                0x000003fc       0x2d /home/xuan/gcc-arm-none-eabi-4_8-2014q3/bin/../lib/gcc/arm-none-eabi/4.8.4/../../../../arm-none-eabi/lib/armv7-m/libg_s.a(lib_a-ctype_.o)
 .ARM.attributes
                0x00000429       0x2d /home/xuan/gcc-arm-none-eabi-4_8-2014q3/bin/../lib/gcc/arm-none-eabi/4.8.4/../../../../arm-none-eabi/lib/armv7-m/libg_s.a(lib_a-errno.o)
 .ARM.attributes
                0x00000456       0x2d /home/xuan/gcc-arm-none-eabi-4_8-2014q3/bin/../lib/gcc/arm-none-eabi/4.8.4/../../../../arm-none-eabi/lib/armv7-m/libg_s.a(lib_a-findfp.o)
 .ARM.attributes
                0x00000483       0x2d /home/xuan/gcc-arm-none-eabi-4_8-2014q3/bin/../lib/gcc/arm-none-eabi/4.8.4/../../../../arm-none-eabi/lib/armv7-m/libg_s.a(lib_a-impure.o)
 .ARM.attributes
                0x000004b0       0x2d /home/xuan/gcc-arm-none-eabi-4_8-2014q3/bin/../lib/gcc/arm-none-eabi/4.8.4/../../../../arm-none-eabi/lib/armv7-m/libg_s.a(lib_a-nano-mallocr.o)
 .ARM.attributes
                0x000004dd       0x2d /home/xuan/gcc-arm-none-eabi-4_8-2014q3/bin/../lib/gcc/arm-none-eabi/4.8.4/../../../../arm-none-eabi/lib/armv7-m/libg_s.a(lib_a-sbrkr.o)
 .ARM.attributes
                0x0000050a       0x2d /home/xuan/gcc-arm-none-eabi-4_8-2014q3/bin/../lib/gcc/arm-none-eabi/4.8.4/../../../../arm-none-eabi/lib/armv7-m/libg_s.a(lib_a-sprintf.o)
 .ARM.attributes
                0x00000537       0x1b /home/xuan/gcc-arm-none-eabi-4_8-2014q3/bin/../lib/gcc/arm-none-eabi/4.8.4/../../../../arm-none-eabi/lib/armv7-m/libg_s.a(lib_a-strcmp.o)
 .ARM.attributes
                0x00000552       0x2d /home/xuan/gcc-arm-none-eabi-4_8-2014q3/bin/../lib/gcc/arm-none-eabi/4.8.4/../../../../arm-none-eabi/lib/armv7-m/libg_s.a(lib_a-strlen.o)
 .ARM.attributes
                0x0000057f       0x2d /home/xuan/gcc-arm-none-eabi-4_8-2014q3/bin/../lib/gcc/arm-none-eabi/4.8.4/../../../../arm-none-eabi/lib/armv7-m/libg_s.a(lib_a-svfprintf.o)
 .ARM.attributes
                0x000005ac       0x2d /home/xuan/gcc-arm-none-eabi-4_8-2014q3/bin/../lib/gcc/arm-none-eabi/4.8.4/../../../../arm-none-eabi/lib/armv7-m/libg_s.a(lib_a-vfprintf_i.o)
 .ARM.attributes
                0x000005d9       0x2d /home/xuan/gcc-arm-none-eabi-4_8-2014q3/bin/../lib/gcc/arm-none-eabi/4.8.4/../../../../arm-none-eabi/lib/armv7-m/libg_s.a(lib_a-vsnprintf.o)
 .ARM.attributes
                0x00000606       0x2d /home/xuan/gcc-arm-none-eabi-4_8-2014q3/bin/../lib/gcc/arm-none-eabi/4.8.4/../../../../arm-none-eabi/lib/armv7-m/libg_s.a(lib_a-memchr-stub.o)
 .ARM.attributes
                0x00000633       0x2d /home/xuan/gcc-arm-none-eabi-4_8-2014q3/bin/../lib/gcc/arm-none-eabi/4.8.4/../../../../arm-none-eabi/lib/armv7-m/libg_s.a(lib_a-memcpy-stub.o)
 .ARM.attributes
                0x00000660       0x2d /home/xuan/gcc-arm-none-eabi-4_8-2014q3/bin/../lib/gcc/arm-none-eabi/4.8.4/../../../../arm-none-eabi/lib/armv7-m/libg_s.a(lib_a-memmove.o)
 .ARM.attributes
                0x0000068d       0x2d /home/xuan/gcc-arm-none-eabi-4_8-2014q3/bin/../lib/gcc/arm-none-eabi/4.8.4/../../../../arm-none-eabi/lib/armv7-m/libg_s.a(lib_a-nano-freer.o)
 .ARM.attributes
                0x000006ba       0x2d /home/xuan/gcc-arm-none-eabi-4_8-2014q3/bin/../lib/gcc/arm-none-eabi/4.8.4/../../../../arm-none-eabi/lib/armv7-m/libg_s.a(lib_a-nano-reallocr.o)
 .ARM.attributes
                0x000006e7       0x2d /home/xuan/gcc-arm-none-eabi-4_8-2014q3/bin/../lib/gcc/arm-none-eabi/4.8.4/../../../../arm-none-eabi/lib/armv7-m/libg_s.a(lib_a-nano-msizer.o)

.debug
 *(.debug)

.line
 *(.line)

.debug_srcinfo
 *(.debug_srcinfo)

.debug_sfnames
 *(.debug_sfnames)

.debug_aranges  0x00000000      0x890
 *(.debug_aranges)
 .debug_aranges
                0x00000000      0x138 ./system/src/stm32f1-stdperiph/stm32f10x_adc.o
 .debug_aranges
                0x00000138       0x70 ./system/src/stm32f1-stdperiph/stm32f10x_dma.o
 .debug_aranges
                0x000001a8       0xa8 ./system/src/stm32f1-stdperiph/stm32f10x_gpio.o
 .debug_aranges
                0x00000250      0x118 ./system/src/stm32f1-stdperiph/stm32f10x_rcc.o
 .debug_aranges
                0x00000368      0x100 ./system/src/stm32f1-stdperiph/stm32f10x_usart.o
 .debug_aranges
                0x00000468       0x28 ./system/src/newlib/_exit.o
 .debug_aranges
                0x00000490       0x20 ./system/src/newlib/_sbrk.o
 .debug_aranges
                0x000004b0       0x40 ./system/src/newlib/_startup.o
 .debug_aranges
                0x000004f0      0x120 ./system/src/newlib/_syscalls.o
 .debug_aranges
                0x00000610       0x28 ./system/src/newlib/assert.o
 .debug_aranges
                0x00000638       0x38 ./system/src/diag/Trace.o
 .debug_aranges
                0x00000670       0x30 ./system/src/diag/trace_impl.o
 .debug_aranges
                0x000006a0       0x28 ./system/src/cortexm/_initialize_hardware.o
 .debug_aranges
                0x000006c8       0x90 ./system/src/cortexm/exception_handlers.o
 .debug_aranges
                0x00000758       0x38 ./system/src/cmsis/system_stm32f10x.o
 .debug_aranges
                0x00000790       0x20 ./system/src/cmsis/vectors_stm32f10x.o
 .debug_aranges
                0x000007b0       0x28 ./src/ADC.o
 .debug_aranges
                0x000007d8       0x50 ./src/SysTick.o
 .debug_aranges
                0x00000828       0x40 ./src/Usart.o
 .debug_aranges
                0x00000868       0x28 ./src/main.o

.debug_pubnames
 *(.debug_pubnames)

.debug_info     0x00000000     0xa5d5
 *(.debug_info .gnu.linkonce.wi.*)
 .debug_info    0x00000000     0x1462 ./system/src/stm32f1-stdperiph/stm32f10x_adc.o
 .debug_info    0x00001462      0x721 ./system/src/stm32f1-stdperiph/stm32f10x_dma.o
 .debug_info    0x00001b83      0xc00 ./system/src/stm32f1-stdperiph/stm32f10x_gpio.o
 .debug_info    0x00002783      0xc97 ./system/src/stm32f1-stdperiph/stm32f10x_rcc.o
 .debug_info    0x0000341a     0x12d7 ./system/src/stm32f1-stdperiph/stm32f10x_usart.o
 .debug_info    0x000046f1      0x100 ./system/src/newlib/_exit.o
 .debug_info    0x000047f1      0x125 ./system/src/newlib/_sbrk.o
 .debug_info    0x00004916      0x47f ./system/src/newlib/_startup.o
 .debug_info    0x00004d95     0x1ef2 ./system/src/newlib/_syscalls.o
 .debug_info    0x00006c87      0x1cd ./system/src/newlib/assert.o
 .debug_info    0x00006e54      0x32b ./system/src/diag/Trace.o
 .debug_info    0x0000717f      0x30f ./system/src/diag/trace_impl.o
 .debug_info    0x0000748e      0x2b5 ./system/src/cortexm/_initialize_hardware.o
 .debug_info    0x00007743      0x9a6 ./system/src/cortexm/exception_handlers.o
 .debug_info    0x000080e9      0x4a0 ./system/src/cmsis/system_stm32f10x.o
 .debug_info    0x00008589       0xd1 ./system/src/cmsis/vectors_stm32f10x.o
 .debug_info    0x0000865a      0x6b3 ./src/ADC.o
 .debug_info    0x00008d0d      0x769 ./src/SysTick.o
 .debug_info    0x00009476      0x6ee ./src/Usart.o
 .debug_info    0x00009b64      0xa71 ./src/main.o

.debug_abbrev   0x00000000     0x21b2
 *(.debug_abbrev)
 .debug_abbrev  0x00000000      0x1e1 ./system/src/stm32f1-stdperiph/stm32f10x_adc.o
 .debug_abbrev  0x000001e1      0x1a7 ./system/src/stm32f1-stdperiph/stm32f10x_dma.o
 .debug_abbrev  0x00000388      0x1f9 ./system/src/stm32f1-stdperiph/stm32f10x_gpio.o
 .debug_abbrev  0x00000581      0x1ff ./system/src/stm32f1-stdperiph/stm32f10x_rcc.o
 .debug_abbrev  0x00000780      0x1d6 ./system/src/stm32f1-stdperiph/stm32f10x_usart.o
 .debug_abbrev  0x00000956       0xa4 ./system/src/newlib/_exit.o
 .debug_abbrev  0x000009fa       0xbb ./system/src/newlib/_sbrk.o
 .debug_abbrev  0x00000ab5      0x1e9 ./system/src/newlib/_startup.o
 .debug_abbrev  0x00000c9e      0x451 ./system/src/newlib/_syscalls.o
 .debug_abbrev  0x000010ef       0xc9 ./system/src/newlib/assert.o
 .debug_abbrev  0x000011b8      0x178 ./system/src/diag/Trace.o
 .debug_abbrev  0x00001330      0x1bd ./system/src/diag/trace_impl.o
 .debug_abbrev  0x000014ed       0xea ./system/src/cortexm/_initialize_hardware.o
 .debug_abbrev  0x000015d7      0x280 ./system/src/cortexm/exception_handlers.o
 .debug_abbrev  0x00001857      0x157 ./system/src/cmsis/system_stm32f10x.o
 .debug_abbrev  0x000019ae       0x9d ./system/src/cmsis/vectors_stm32f10x.o
 .debug_abbrev  0x00001a4b      0x1a8 ./src/ADC.o
 .debug_abbrev  0x00001bf3      0x200 ./src/SysTick.o
 .debug_abbrev  0x00001df3      0x19f ./src/Usart.o
 .debug_abbrev  0x00001f92      0x220 ./src/main.o

.debug_line     0x00000000     0x66ed
 *(.debug_line)
 .debug_line    0x00000000      0x963 ./system/src/stm32f1-stdperiph/stm32f10x_adc.o
 .debug_line    0x00000963      0x5f8 ./system/src/stm32f1-stdperiph/stm32f10x_dma.o
 .debug_line    0x00000f5b      0x6bb ./system/src/stm32f1-stdperiph/stm32f10x_gpio.o
 .debug_line    0x00001616      0x7e6 ./system/src/stm32f1-stdperiph/stm32f10x_rcc.o
 .debug_line    0x00001dfc      0x8b6 ./system/src/stm32f1-stdperiph/stm32f10x_usart.o
 .debug_line    0x000026b2      0x26e ./system/src/newlib/_exit.o
 .debug_line    0x00002920      0x220 ./system/src/newlib/_sbrk.o
 .debug_line    0x00002b40      0x2da ./system/src/newlib/_startup.o
 .debug_line    0x00002e1a      0x7f6 ./system/src/newlib/_syscalls.o
 .debug_line    0x00003610      0x2a5 ./system/src/newlib/assert.o
 .debug_line    0x000038b5      0x326 ./system/src/diag/Trace.o
 .debug_line    0x00003bdb      0x554 ./system/src/diag/trace_impl.o
 .debug_line    0x0000412f      0x446 ./system/src/cortexm/_initialize_hardware.o
 .debug_line    0x00004575      0x68f ./system/src/cortexm/exception_handlers.o
 .debug_line    0x00004c04      0x49f ./system/src/cmsis/system_stm32f10x.o
 .debug_line    0x000050a3      0x1d6 ./system/src/cmsis/vectors_stm32f10x.o
 .debug_line    0x00005279      0x4f3 ./src/ADC.o
 .debug_line    0x0000576c      0x4b9 ./src/SysTick.o
 .debug_line    0x00005c25      0x53e ./src/Usart.o
 .debug_line    0x00006163      0x58a ./src/main.o

.debug_frame    0x00000000     0x1aac
 *(.debug_frame)
 .debug_frame   0x00000000      0x3d0 ./system/src/stm32f1-stdperiph/stm32f10x_adc.o
 .debug_frame   0x000003d0      0x120 ./system/src/stm32f1-stdperiph/stm32f10x_dma.o
 .debug_frame   0x000004f0      0x1e8 ./system/src/stm32f1-stdperiph/stm32f10x_gpio.o
 .debug_frame   0x000006d8      0x314 ./system/src/stm32f1-stdperiph/stm32f10x_rcc.o
 .debug_frame   0x000009ec      0x318 ./system/src/stm32f1-stdperiph/stm32f10x_usart.o
 .debug_frame   0x00000d04       0x38 ./system/src/newlib/_exit.o
 .debug_frame   0x00000d3c       0x28 ./system/src/newlib/_sbrk.o
 .debug_frame   0x00000d64       0x7c ./system/src/newlib/_startup.o
 .debug_frame   0x00000de0      0x390 ./system/src/newlib/_syscalls.o
 .debug_frame   0x00001170       0x40 ./system/src/newlib/assert.o
 .debug_frame   0x000011b0       0x80 ./system/src/diag/Trace.o
 .debug_frame   0x00001230       0x5c ./system/src/diag/trace_impl.o
 .debug_frame   0x0000128c       0x40 ./system/src/cortexm/_initialize_hardware.o
 .debug_frame   0x000012cc      0x160 ./system/src/cortexm/exception_handlers.o
 .debug_frame   0x0000142c       0x64 ./system/src/cmsis/system_stm32f10x.o
 .debug_frame   0x00001490       0x20 ./system/src/cmsis/vectors_stm32f10x.o
 .debug_frame   0x000014b0       0x48 ./src/ADC.o
 .debug_frame   0x000014f8       0x80 ./src/SysTick.o
 .debug_frame   0x00001578       0xa0 ./src/Usart.o
 .debug_frame   0x00001618       0x4c ./src/main.o
 .debug_frame   0x00001664       0x20 /home/xuan/gcc-arm-none-eabi-4_8-2014q3/bin/../lib/gcc/arm-none-eabi/4.8.4/../../../../arm-none-eabi/lib/armv7-m/libg_s.a(lib_a-errno.o)
 .debug_frame   0x00001684      0x12c /home/xuan/gcc-arm-none-eabi-4_8-2014q3/bin/../lib/gcc/arm-none-eabi/4.8.4/../../../../arm-none-eabi/lib/armv7-m/libg_s.a(lib_a-findfp.o)
 .debug_frame   0x000017b0       0x2c /home/xuan/gcc-arm-none-eabi-4_8-2014q3/bin/../lib/gcc/arm-none-eabi/4.8.4/../../../../arm-none-eabi/lib/armv7-m/libg_s.a(lib_a-nano-mallocr.o)
 .debug_frame   0x000017dc       0x2c /home/xuan/gcc-arm-none-eabi-4_8-2014q3/bin/../lib/gcc/arm-none-eabi/4.8.4/../../../../arm-none-eabi/lib/armv7-m/libg_s.a(lib_a-sbrkr.o)
 .debug_frame   0x00001808       0x58 /home/xuan/gcc-arm-none-eabi-4_8-2014q3/bin/../lib/gcc/arm-none-eabi/4.8.4/../../../../arm-none-eabi/lib/armv7-m/libg_s.a(lib_a-sprintf.o)
 .debug_frame   0x00001860       0x20 /home/xuan/gcc-arm-none-eabi-4_8-2014q3/bin/../lib/gcc/arm-none-eabi/4.8.4/../../../../arm-none-eabi/lib/armv7-m/libg_s.a(lib_a-strlen.o)
 .debug_frame   0x00001880       0x88 /home/xuan/gcc-arm-none-eabi-4_8-2014q3/bin/../lib/gcc/arm-none-eabi/4.8.4/../../../../arm-none-eabi/lib/armv7-m/libg_s.a(lib_a-svfprintf.o)
 .debug_frame   0x00001908       0x60 /home/xuan/gcc-arm-none-eabi-4_8-2014q3/bin/../lib/gcc/arm-none-eabi/4.8.4/../../../../arm-none-eabi/lib/armv7-m/libg_s.a(lib_a-vfprintf_i.o)
 .debug_frame   0x00001968       0x4c /home/xuan/gcc-arm-none-eabi-4_8-2014q3/bin/../lib/gcc/arm-none-eabi/4.8.4/../../../../arm-none-eabi/lib/armv7-m/libg_s.a(lib_a-vsnprintf.o)
 .debug_frame   0x000019b4       0x28 /home/xuan/gcc-arm-none-eabi-4_8-2014q3/bin/../lib/gcc/arm-none-eabi/4.8.4/../../../../arm-none-eabi/lib/armv7-m/libg_s.a(lib_a-memchr-stub.o)
 .debug_frame   0x000019dc       0x28 /home/xuan/gcc-arm-none-eabi-4_8-2014q3/bin/../lib/gcc/arm-none-eabi/4.8.4/../../../../arm-none-eabi/lib/armv7-m/libg_s.a(lib_a-memcpy-stub.o)
 .debug_frame   0x00001a04       0x2c /home/xuan/gcc-arm-none-eabi-4_8-2014q3/bin/../lib/gcc/arm-none-eabi/4.8.4/../../../../arm-none-eabi/lib/armv7-m/libg_s.a(lib_a-memmove.o)
 .debug_frame   0x00001a30       0x2c /home/xuan/gcc-arm-none-eabi-4_8-2014q3/bin/../lib/gcc/arm-none-eabi/4.8.4/../../../../arm-none-eabi/lib/armv7-m/libg_s.a(lib_a-nano-freer.o)
 .debug_frame   0x00001a5c       0x30 /home/xuan/gcc-arm-none-eabi-4_8-2014q3/bin/../lib/gcc/arm-none-eabi/4.8.4/../../../../arm-none-eabi/lib/armv7-m/libg_s.a(lib_a-nano-reallocr.o)
 .debug_frame   0x00001a8c       0x20 /home/xuan/gcc-arm-none-eabi-4_8-2014q3/bin/../lib/gcc/arm-none-eabi/4.8.4/../../../../arm-none-eabi/lib/armv7-m/libg_s.a(lib_a-nano-msizer.o)

.debug_str      0x00000000    0x57bce
 *(.debug_str)
 .debug_str     0x00000000    0x4ed39 ./system/src/stm32f1-stdperiph/stm32f10x_adc.o
                              0x4eed7 (size before relaxing)
 .debug_str     0x0004ed39      0x6de ./system/src/stm32f1-stdperiph/stm32f10x_dma.o
                              0x4ea26 (size before relaxing)
 .debug_str     0x0004f417      0x5b6 ./system/src/stm32f1-stdperiph/stm32f10x_gpio.o
                              0x4e8fb (size before relaxing)
 .debug_str     0x0004f9cd      0xb4a ./system/src/stm32f1-stdperiph/stm32f10x_rcc.o
                              0x4eeca (size before relaxing)
 .debug_str     0x00050517      0x82d ./system/src/stm32f1-stdperiph/stm32f10x_usart.o
                              0x4ec34 (size before relaxing)
 .debug_str     0x00050d44     0x27fe ./system/src/newlib/_exit.o
                               0x4f08 (size before relaxing)
 .debug_str     0x00053542      0x4de ./system/src/newlib/_sbrk.o
                               0x44be (size before relaxing)
 .debug_str     0x00053a20      0x260 ./system/src/newlib/_startup.o
                               0x3f48 (size before relaxing)
 .debug_str     0x00053c80     0x31c9 ./system/src/newlib/_syscalls.o
                               0x8df7 (size before relaxing)
 .debug_str     0x00056e49       0xd0 ./system/src/newlib/assert.o
                               0x58cb (size before relaxing)
 .debug_str     0x00056f19      0x171 ./system/src/diag/Trace.o
                               0x65ef (size before relaxing)
 .debug_str     0x0005708a       0x99 ./system/src/diag/trace_impl.o
                              0x501b1 (size before relaxing)
 .debug_str     0x00057123       0xb2 ./system/src/cortexm/_initialize_hardware.o
                              0x4e3da (size before relaxing)
 .debug_str     0x000571d5      0x1f9 ./system/src/cortexm/exception_handlers.o
                              0x51e65 (size before relaxing)
 .debug_str     0x000573ce       0xa6 ./system/src/cmsis/system_stm32f10x.o
                              0x4e48f (size before relaxing)
 .debug_str     0x00057474       0x57 ./system/src/cmsis/vectors_stm32f10x.o
                               0x2fe7 (size before relaxing)
 .debug_str     0x000574cb       0xb3 ./src/ADC.o
                              0x50705 (size before relaxing)
 .debug_str     0x0005757e      0x52a ./src/SysTick.o
                              0x4e8c5 (size before relaxing)
 .debug_str     0x00057aa8       0xa0 ./src/Usart.o
                              0x50744 (size before relaxing)
 .debug_str     0x00057b48       0x86 ./src/main.o
                              0x51832 (size before relaxing)

.debug_loc      0x00000000     0x4eee
 *(.debug_loc)
 .debug_loc     0x00000000     0x1050 ./system/src/stm32f1-stdperiph/stm32f10x_adc.o
 .debug_loc     0x00001050      0x368 ./system/src/stm32f1-stdperiph/stm32f10x_dma.o
 .debug_loc     0x000013b8      0x7ac ./system/src/stm32f1-stdperiph/stm32f10x_gpio.o
 .debug_loc     0x00001b64      0x9c0 ./system/src/stm32f1-stdperiph/stm32f10x_rcc.o
 .debug_loc     0x00002524      0xc98 ./system/src/stm32f1-stdperiph/stm32f10x_usart.o
 .debug_loc     0x000031bc       0x6b ./system/src/newlib/_sbrk.o
 .debug_loc     0x00003227      0x265 ./system/src/newlib/_startup.o
 .debug_loc     0x0000348c     0x1046 ./system/src/newlib/_syscalls.o
 .debug_loc     0x000044d2      0x102 ./system/src/newlib/assert.o
 .debug_loc     0x000045d4       0xf7 ./system/src/diag/Trace.o
 .debug_loc     0x000046cb      0x17c ./system/src/diag/trace_impl.o
 .debug_loc     0x00004847      0x434 ./system/src/cortexm/exception_handlers.o
 .debug_loc     0x00004c7b       0xe4 ./system/src/cmsis/system_stm32f10x.o
 .debug_loc     0x00004d5f       0x4d ./src/ADC.o
 .debug_loc     0x00004dac       0x87 ./src/SysTick.o
 .debug_loc     0x00004e33       0xbb ./src/Usart.o

.debug_macinfo
 *(.debug_macinfo)

.debug_weaknames
 *(.debug_weaknames)

.debug_funcnames
 *(.debug_funcnames)

.debug_typenames
 *(.debug_typenames)

.debug_varnames
 *(.debug_varnames)
OUTPUT(ADC_USART1.elf elf32-littlearm)

.debug_ranges   0x00000000      0x7c8
 .debug_ranges  0x00000000      0x128 ./system/src/stm32f1-stdperiph/stm32f10x_adc.o
 .debug_ranges  0x00000128       0x60 ./system/src/stm32f1-stdperiph/stm32f10x_dma.o
 .debug_ranges  0x00000188       0x98 ./system/src/stm32f1-stdperiph/stm32f10x_gpio.o
 .debug_ranges  0x00000220      0x108 ./system/src/stm32f1-stdperiph/stm32f10x_rcc.o
 .debug_ranges  0x00000328       0xf0 ./system/src/stm32f1-stdperiph/stm32f10x_usart.o
 .debug_ranges  0x00000418       0x18 ./system/src/newlib/_exit.o
 .debug_ranges  0x00000430       0x10 ./system/src/newlib/_sbrk.o
 .debug_ranges  0x00000440       0x48 ./system/src/newlib/_startup.o
 .debug_ranges  0x00000488      0x140 ./system/src/newlib/_syscalls.o
 .debug_ranges  0x000005c8       0x18 ./system/src/newlib/assert.o
 .debug_ranges  0x000005e0       0x28 ./system/src/diag/Trace.o
 .debug_ranges  0x00000608       0x38 ./system/src/diag/trace_impl.o
 .debug_ranges  0x00000640       0x18 ./system/src/cortexm/_initialize_hardware.o
 .debug_ranges  0x00000658       0x98 ./system/src/cortexm/exception_handlers.o
 .debug_ranges  0x000006f0       0x28 ./system/src/cmsis/system_stm32f10x.o
 .debug_ranges  0x00000718       0x10 ./system/src/cmsis/vectors_stm32f10x.o
 .debug_ranges  0x00000728       0x18 ./src/ADC.o
 .debug_ranges  0x00000740       0x40 ./src/SysTick.o
 .debug_ranges  0x00000780       0x30 ./src/Usart.o
 .debug_ranges  0x000007b0       0x18 ./src/main.o

.debug_macro    0x00000000     0x4969
 .debug_macro   0x00000000      0x287 ./system/src/stm32f1-stdperiph/stm32f10x_adc.o
 .debug_macro   0x00000287      0x13e ./system/src/stm32f1-stdperiph/stm32f10x_adc.o
 .debug_macro   0x000003c5       0x8b ./system/src/stm32f1-stdperiph/stm32f10x_adc.o
 .debug_macro   0x00000450      0x1dd ./system/src/stm32f1-stdperiph/stm32f10x_dma.o
 .debug_macro   0x0000062d      0x3a7 ./system/src/stm32f1-stdperiph/stm32f10x_dma.o
 .debug_macro   0x000009d4      0x1d7 ./system/src/stm32f1-stdperiph/stm32f10x_gpio.o
 .debug_macro   0x00000bab      0x2a6 ./system/src/stm32f1-stdperiph/stm32f10x_gpio.o
 .debug_macro   0x00000e51      0x2a5 ./system/src/stm32f1-stdperiph/stm32f10x_rcc.o
 .debug_macro   0x000010f6      0x3dc ./system/src/stm32f1-stdperiph/stm32f10x_rcc.o
 .debug_macro   0x000014d2      0x23d ./system/src/stm32f1-stdperiph/stm32f10x_usart.o
 .debug_macro   0x0000170f      0x21c ./system/src/stm32f1-stdperiph/stm32f10x_usart.o
 .debug_macro   0x0000192b      0x11b ./system/src/newlib/_exit.o
 .debug_macro   0x00001a46       0xa3 ./system/src/newlib/_exit.o
 .debug_macro   0x00001ae9      0x10e ./system/src/newlib/_exit.o
 .debug_macro   0x00001bf7       0x86 ./system/src/newlib/_exit.o
 .debug_macro   0x00001c7d       0x43 ./system/src/newlib/_exit.o
 .debug_macro   0x00001cc0       0x10 ./system/src/newlib/_exit.o
 .debug_macro   0x00001cd0       0x35 ./system/src/newlib/_exit.o
 .debug_macro   0x00001d05       0xd1 ./system/src/newlib/_sbrk.o
 .debug_macro   0x00001dd6       0x19 ./system/src/newlib/_sbrk.o
 .debug_macro   0x00001def      0x16d ./system/src/newlib/_sbrk.o
 .debug_macro   0x00001f5c       0x10 ./system/src/newlib/_sbrk.o
 .debug_macro   0x00001f6c      0x23b ./system/src/newlib/_sbrk.o
 .debug_macro   0x000021a7       0xe7 ./system/src/newlib/_startup.o
 .debug_macro   0x0000228e      0x23b ./system/src/newlib/_syscalls.o
 .debug_macro   0x000024c9       0x10 ./system/src/newlib/_syscalls.o
 .debug_macro   0x000024d9       0x10 ./system/src/newlib/_syscalls.o
 .debug_macro   0x000024e9       0x10 ./system/src/newlib/_syscalls.o
 .debug_macro   0x000024f9       0x35 ./system/src/newlib/_syscalls.o
 .debug_macro   0x0000252e      0x120 ./system/src/newlib/_syscalls.o
 .debug_macro   0x0000264e      0x18e ./system/src/newlib/_syscalls.o
 .debug_macro   0x000027dc       0x10 ./system/src/newlib/_syscalls.o
 .debug_macro   0x000027ec       0x1c ./system/src/newlib/_syscalls.o
 .debug_macro   0x00002808       0x10 ./system/src/newlib/_syscalls.o
 .debug_macro   0x00002818       0x16 ./system/src/newlib/_syscalls.o
 .debug_macro   0x0000282e      0x16c ./system/src/newlib/_syscalls.o
 .debug_macro   0x0000299a      0x283 ./system/src/newlib/_syscalls.o
 .debug_macro   0x00002c1d       0x10 ./system/src/newlib/_syscalls.o
 .debug_macro   0x00002c2d       0x1f ./system/src/newlib/_syscalls.o
 .debug_macro   0x00002c4c       0x22 ./system/src/newlib/_syscalls.o
 .debug_macro   0x00002c6e      0x241 ./system/src/newlib/_syscalls.o
 .debug_macro   0x00002eaf       0x16 ./system/src/newlib/_syscalls.o
 .debug_macro   0x00002ec5       0x3a ./system/src/newlib/_syscalls.o
 .debug_macro   0x00002eff       0xac ./system/src/newlib/_syscalls.o
 .debug_macro   0x00002fab      0x13a ./system/src/newlib/_syscalls.o
 .debug_macro   0x000030e5       0x16 ./system/src/newlib/_syscalls.o
 .debug_macro   0x000030fb       0x22 ./system/src/newlib/_syscalls.o
 .debug_macro   0x0000311d      0x137 ./system/src/newlib/assert.o
 .debug_macro   0x00003254       0x1c ./system/src/newlib/assert.o
 .debug_macro   0x00003270      0x20f ./system/src/newlib/assert.o
 .debug_macro   0x0000347f      0x15a ./system/src/diag/Trace.o
 .debug_macro   0x000035d9       0x16 ./system/src/diag/Trace.o
 .debug_macro   0x000035ef       0x97 ./system/src/diag/Trace.o
 .debug_macro   0x00003686       0xf6 ./system/src/diag/Trace.o
 .debug_macro   0x0000377c       0x52 ./system/src/diag/Trace.o
 .debug_macro   0x000037ce      0x24e ./system/src/diag/trace_impl.o
 .debug_macro   0x00003a1c      0x189 ./system/src/cortexm/_initialize_hardware.o
 .debug_macro   0x00003ba5      0x2b1 ./system/src/cortexm/exception_handlers.o
 .debug_macro   0x00003e56       0x3b ./system/src/cortexm/exception_handlers.o
 .debug_macro   0x00003e91      0x18c ./system/src/cmsis/system_stm32f10x.o
 .debug_macro   0x0000401d       0x52 ./system/src/cmsis/vectors_stm32f10x.o
 .debug_macro   0x0000406f      0x24a ./src/ADC.o
 .debug_macro   0x000042b9       0x16 ./src/ADC.o
 .debug_macro   0x000042cf      0x18e ./src/SysTick.o
 .debug_macro   0x0000445d       0x16 ./src/SysTick.o
 .debug_macro   0x00004473      0x245 ./src/Usart.o
 .debug_macro   0x000046b8      0x295 ./src/main.o
 .debug_macro   0x0000494d       0x1c ./src/main.o
