Archive member included because of file (symbol)

/home/xuan/gcc-arm-none-eabi-4_8-2014q3/bin/../lib/gcc/arm-none-eabi/4.8.4/../../../../arm-none-eabi/lib/armv7-m/libg_s.a(lib_a-ctype_.o)
                              ./system/src/newlib/_syscalls.o (__ctype_ptr__)
/home/xuan/gcc-arm-none-eabi-4_8-2014q3/bin/../lib/gcc/arm-none-eabi/4.8.4/../../../../arm-none-eabi/lib/armv7-m/libg_s.a(lib_a-errno.o)
                              ./system/src/newlib/_sbrk.o (__errno)
/home/xuan/gcc-arm-none-eabi-4_8-2014q3/bin/../lib/gcc/arm-none-eabi/4.8.4/../../../../arm-none-eabi/lib/armv7-m/libg_s.a(lib_a-findfp.o)
                              ./system/src/newlib/_syscalls.o (__sinit)
/home/xuan/gcc-arm-none-eabi-4_8-2014q3/bin/../lib/gcc/arm-none-eabi/4.8.4/../../../../arm-none-eabi/lib/armv7-m/libg_s.a(lib_a-fwalk.o)
                              /home/xuan/gcc-arm-none-eabi-4_8-2014q3/bin/../lib/gcc/arm-none-eabi/4.8.4/../../../../arm-none-eabi/lib/armv7-m/libg_s.a(lib_a-findfp.o) (_fwalk)
/home/xuan/gcc-arm-none-eabi-4_8-2014q3/bin/../lib/gcc/arm-none-eabi/4.8.4/../../../../arm-none-eabi/lib/armv7-m/libg_s.a(lib_a-impure.o)
                              /home/xuan/gcc-arm-none-eabi-4_8-2014q3/bin/../lib/gcc/arm-none-eabi/4.8.4/../../../../arm-none-eabi/lib/armv7-m/libg_s.a(lib_a-findfp.o) (_global_impure_ptr)
/home/xuan/gcc-arm-none-eabi-4_8-2014q3/bin/../lib/gcc/arm-none-eabi/4.8.4/../../../../arm-none-eabi/lib/armv7-m/libg_s.a(lib_a-memset.o)
                              ./system/src/newlib/_syscalls.o (memset)
/home/xuan/gcc-arm-none-eabi-4_8-2014q3/bin/../lib/gcc/arm-none-eabi/4.8.4/../../../../arm-none-eabi/lib/armv7-m/libg_s.a(lib_a-nano-mallocr.o)
                              /home/xuan/gcc-arm-none-eabi-4_8-2014q3/bin/../lib/gcc/arm-none-eabi/4.8.4/../../../../arm-none-eabi/lib/armv7-m/libg_s.a(lib_a-findfp.o) (_malloc_r)
/home/xuan/gcc-arm-none-eabi-4_8-2014q3/bin/../lib/gcc/arm-none-eabi/4.8.4/../../../../arm-none-eabi/lib/armv7-m/libg_s.a(lib_a-sbrkr.o)
                              /home/xuan/gcc-arm-none-eabi-4_8-2014q3/bin/../lib/gcc/arm-none-eabi/4.8.4/../../../../arm-none-eabi/lib/armv7-m/libg_s.a(lib_a-nano-mallocr.o) (_sbrk_r)
/home/xuan/gcc-arm-none-eabi-4_8-2014q3/bin/../lib/gcc/arm-none-eabi/4.8.4/../../../../arm-none-eabi/lib/armv7-m/libg_s.a(lib_a-stdio.o)
                              /home/xuan/gcc-arm-none-eabi-4_8-2014q3/bin/../lib/gcc/arm-none-eabi/4.8.4/../../../../arm-none-eabi/lib/armv7-m/libg_s.a(lib_a-findfp.o) (__sread)
/home/xuan/gcc-arm-none-eabi-4_8-2014q3/bin/../lib/gcc/arm-none-eabi/4.8.4/../../../../arm-none-eabi/lib/armv7-m/libg_s.a(lib_a-strcmp.o)
                              ./system/src/cortexm/exception_handlers.o (strcmp)
/home/xuan/gcc-arm-none-eabi-4_8-2014q3/bin/../lib/gcc/arm-none-eabi/4.8.4/../../../../arm-none-eabi/lib/armv7-m/libg_s.a(lib_a-strlen.o)
                              ./system/src/newlib/_syscalls.o (strlen)
/home/xuan/gcc-arm-none-eabi-4_8-2014q3/bin/../lib/gcc/arm-none-eabi/4.8.4/../../../../arm-none-eabi/lib/armv7-m/libg_s.a(lib_a-strncpy.o)
                              ./system/src/newlib/_syscalls.o (strncpy)
/home/xuan/gcc-arm-none-eabi-4_8-2014q3/bin/../lib/gcc/arm-none-eabi/4.8.4/../../../../arm-none-eabi/lib/armv7-m/libg_s.a(lib_a-vsnprintf.o)
                              ./system/src/diag/Trace.o (vsnprintf)
/home/xuan/gcc-arm-none-eabi-4_8-2014q3/bin/../lib/gcc/arm-none-eabi/4.8.4/../../../../arm-none-eabi/lib/armv7-m/libg_s.a(lib_a-writer.o)
                              /home/xuan/gcc-arm-none-eabi-4_8-2014q3/bin/../lib/gcc/arm-none-eabi/4.8.4/../../../../arm-none-eabi/lib/armv7-m/libg_s.a(lib_a-stdio.o) (_write_r)
/home/xuan/gcc-arm-none-eabi-4_8-2014q3/bin/../lib/gcc/arm-none-eabi/4.8.4/../../../../arm-none-eabi/lib/armv7-m/libg_s.a(lib_a-closer.o)
                              /home/xuan/gcc-arm-none-eabi-4_8-2014q3/bin/../lib/gcc/arm-none-eabi/4.8.4/../../../../arm-none-eabi/lib/armv7-m/libg_s.a(lib_a-stdio.o) (_close_r)
/home/xuan/gcc-arm-none-eabi-4_8-2014q3/bin/../lib/gcc/arm-none-eabi/4.8.4/../../../../arm-none-eabi/lib/armv7-m/libg_s.a(lib_a-fflush.o)
                              /home/xuan/gcc-arm-none-eabi-4_8-2014q3/bin/../lib/gcc/arm-none-eabi/4.8.4/../../../../arm-none-eabi/lib/armv7-m/libg_s.a(lib_a-findfp.o) (_fflush_r)
/home/xuan/gcc-arm-none-eabi-4_8-2014q3/bin/../lib/gcc/arm-none-eabi/4.8.4/../../../../arm-none-eabi/lib/armv7-m/libg_s.a(lib_a-lseekr.o)
                              /home/xuan/gcc-arm-none-eabi-4_8-2014q3/bin/../lib/gcc/arm-none-eabi/4.8.4/../../../../arm-none-eabi/lib/armv7-m/libg_s.a(lib_a-stdio.o) (_lseek_r)
/home/xuan/gcc-arm-none-eabi-4_8-2014q3/bin/../lib/gcc/arm-none-eabi/4.8.4/../../../../arm-none-eabi/lib/armv7-m/libg_s.a(lib_a-nano-freer.o)
                              /home/xuan/gcc-arm-none-eabi-4_8-2014q3/bin/../lib/gcc/arm-none-eabi/4.8.4/../../../../arm-none-eabi/lib/armv7-m/libg_s.a(lib_a-fflush.o) (_free_r)
[...]
Memory Configuration

Name             Origin             Length             Attributes
RAM              0x20000000         0x00005000         xrw
CCMRAM           0x00000000         0x00000000         xrw
FLASH            0x08000000         0x00080000         xr
FLASHB1          0x00000000         0x00000000         xr
EXTMEMB0         0x00000000         0x00000000         xr
EXTMEMB1         0x00000000         0x00000000         xr
EXTMEMB2         0x00000000         0x00000000         xr
EXTMEMB3         0x00000000         0x00000000         xr
MEMORY_ARRAY     0x00000000         0x00000000         xrw
*default*        0x00000000         0xffffffff

Linker script and memory map

LOAD ./system/src/stm32f1-stdperiph/misc.o
LOAD ./system/src/stm32f1-stdperiph/stm32f10x_adc.o
LOAD ./system/src/stm32f1-stdperiph/stm32f10x_bkp.o
LOAD ./system/src/stm32f1-stdperiph/stm32f10x_can.o
LOAD ./system/src/stm32f1-stdperiph/stm32f10x_cec.o
LOAD ./system/src/stm32f1-stdperiph/stm32f10x_crc.o
LOAD ./system/src/stm32f1-stdperiph/stm32f10x_dac.o
LOAD ./system/src/stm32f1-stdperiph/stm32f10x_dbgmcu.o
LOAD ./system/src/stm32f1-stdperiph/stm32f10x_dma.o
LOAD ./system/src/stm32f1-stdperiph/stm32f10x_exti.o
LOAD ./system/src/stm32f1-stdperiph/stm32f10x_flash.o
LOAD ./system/src/stm32f1-stdperiph/stm32f10x_fsmc.o
LOAD ./system/src/stm32f1-stdperiph/stm32f10x_gpio.o
LOAD ./system/src/stm32f1-stdperiph/stm32f10x_i2c.o
LOAD ./system/src/stm32f1-stdperiph/stm32f10x_iwdg.o
LOAD ./system/src/stm32f1-stdperiph/stm32f10x_pwr.o
LOAD ./system/src/stm32f1-stdperiph/stm32f10x_rcc.o
LOAD ./system/src/stm32f1-stdperiph/stm32f10x_rtc.o
LOAD ./system/src/stm32f1-stdperiph/stm32f10x_sdio.o
LOAD ./system/src/stm32f1-stdperiph/stm32f10x_spi.o
LOAD ./system/src/stm32f1-stdperiph/stm32f10x_tim.o
LOAD ./system/src/stm32f1-stdperiph/stm32f10x_usart.o
LOAD ./system/src/stm32f1-stdperiph/stm32f10x_wwdg.o
LOAD ./system/src/newlib/_cxx.o
LOAD ./system/src/newlib/_exit.o
LOAD ./system/src/newlib/_sbrk.o
LOAD ./system/src/newlib/_startup.o
LOAD ./system/src/newlib/_syscalls.o
LOAD ./system/src/newlib/assert.o
LOAD ./system/src/diag/Trace.o
LOAD ./system/src/diag/trace_impl.o
LOAD ./system/src/cortexm/_initialize_hardware.o
LOAD ./system/src/cortexm/_reset_hardware.o
LOAD ./system/src/cortexm/exception_handlers.o
LOAD ./system/src/cmsis/system_stm32f10x.o
LOAD ./system/src/cmsis/vectors_stm32f10x.o
LOAD ./src/SysTick.o
LOAD ./src/Usart.o
LOAD ./src/main.o
LOAD /home/xuan/gcc-arm-none-eabi-4_8-2014q3/bin/../lib/gcc/arm-none-eabi/4.8.4/../../../../arm-none-eabi/lib/armv7-m/libstdc++_s.a
LOAD /home/xuan/gcc-arm-none-eabi-4_8-2014q3/bin/../lib/gcc/arm-none-eabi/4.8.4/../../../../arm-none-eabi/lib/armv7-m/libm.a
START GROUP
LOAD /home/xuan/gcc-arm-none-eabi-4_8-2014q3/bin/../lib/gcc/arm-none-eabi/4.8.4/armv7-m/libgcc.a
LOAD /home/xuan/gcc-arm-none-eabi-4_8-2014q3/bin/../lib/gcc/arm-none-eabi/4.8.4/../../../../arm-none-eabi/lib/armv7-m/libg_s.a
LOAD /home/xuan/gcc-arm-none-eabi-4_8-2014q3/bin/../lib/gcc/arm-none-eabi/4.8.4/../../../../arm-none-eabi/lib/armv7-m/libc_s.a
END GROUP
START GROUP
LOAD /home/xuan/gcc-arm-none-eabi-4_8-2014q3/bin/../lib/gcc/arm-none-eabi/4.8.4/armv7-m/libgcc.a
LOAD /home/xuan/gcc-arm-none-eabi-4_8-2014q3/bin/../lib/gcc/arm-none-eabi/4.8.4/../../../../arm-none-eabi/lib/armv7-m/libc_s.a
END GROUP
                0x20005000                __stack = (ORIGIN (RAM) + 0x5000)
                0x20005000                _estack = __stack
                0x00000400                __Main_Stack_Size = 0x400
                0x00000400                PROVIDE (_Main_Stack_Size, __Main_Stack_Size)
                0x20004c00                __Main_Stack_Limit = (__stack - __Main_Stack_Size)
                0x20004c00                PROVIDE (_Main_Stack_Limit, __Main_Stack_Limit)
                0x00000100                _Minimum_Stack_Size = 0x100
                0x20000260                PROVIDE (_Heap_Begin, _end_noinit)
                0x20004c00                PROVIDE (_Heap_Limit, (__stack - __Main_Stack_Size))

.isr_vector     0x08000000      0x428
 FILL mask 0xff
                0x08000000                __vectors_start = ABSOLUTE (.)
                0x08000000                __vectors_start__ = ABSOLUTE (.)
 *(.isr_vector)
 .isr_vector    0x08000000      0x1e4 ./system/src/cmsis/vectors_stm32f10x.o
                0x08000000                __isr_vectors
 *(.cfmconfig)
 *(.after_vectors .after_vectors.*)
 .after_vectors
                0x080001e4      0x114 ./system/src/newlib/_startup.o
                0x080001e4                _start
 .after_vectors
                0x080002f8      0x12c ./system/src/cortexm/exception_handlers.o
                0x080002f8                Reset_Handler
                0x08000300                NMI_Handler
                0x08000304                HardFault_Handler
                0x08000318                HardFault_Handler_C
                0x08000374                MemManage_Handler
                0x08000378                BusFault_Handler
                0x0800038c                BusFault_Handler_C
                0x080003c0                UsageFault_Handler
                0x080003d4                UsageFault_Handler_C
                0x08000408                SVC_Handler
                0x0800040c                DebugMon_Handler
                0x08000410                PendSV_Handler
 .after_vectors
                0x08000424        0x4 ./system/src/cmsis/vectors_stm32f10x.o
                0x08000424                EXTI2_IRQHandler
                0x08000424                TIM8_TRG_COM_IRQHandler
                0x08000424                TIM8_CC_IRQHandler
                0x08000424                TIM1_CC_IRQHandler
                0x08000424                TIM6_IRQHandler
                0x08000424                PVD_IRQHandler
                0x08000424                SDIO_IRQHandler
                0x08000424                CAN2_RX1_IRQHandler
                0x08000424                EXTI3_IRQHandler
                0x08000424                TIM8_TRG_COM_TIM14_IRQHandler
                0x08000424                TIM1_UP_TIM10_IRQHandler
                0x08000424                TIM8_UP_TIM13_IRQHandler
                0x08000424                EXTI0_IRQHandler
                0x08000424                I2C2_EV_IRQHandler
                0x08000424                CAN1_RX0_IRQHandler
                0x08000424                TIM1_UP_TIM16_IRQHandler
                0x08000424                CAN2_SCE_IRQHandler
                0x08000424                ADC1_2_IRQHandler
                0x08000424                SPI1_IRQHandler
                0x08000424                TAMPER_IRQHandler
                0x08000424                TIM6_DAC_IRQHandler
                0x08000424                TIM1_BRK_TIM9_IRQHandler
                0x08000424                CAN2_RX0_IRQHandler
                0x08000424                TIM8_UP_IRQHandler
                0x08000424                DMA2_Channel2_IRQHandler
                0x08000424                DMA1_Channel4_IRQHandler
                0x08000424                USART3_IRQHandler
                0x08000424                RTC_IRQHandler
                0x08000424                DMA1_Channel7_IRQHandler
                0x08000424                CAN1_RX1_IRQHandler
                0x08000424                UART5_IRQHandler
                0x08000424                ADC3_IRQHandler
                0x08000424                TIM4_IRQHandler
                0x08000424                DMA2_Channel1_IRQHandler
                0x08000424                I2C1_EV_IRQHandler
                0x08000424                DMA1_Channel6_IRQHandler
                0x08000424                UART4_IRQHandler
                0x08000424                DMA2_Channel4_IRQHandler
                0x08000424                TIM3_IRQHandler
                0x08000424                RCC_IRQHandler
                0x08000424                TIM8_BRK_TIM12_IRQHandler
                0x08000424                TIM1_TRG_COM_IRQHandler
                0x08000424                DMA1_Channel1_IRQHandler
                0x08000424                Default_Handler
                0x08000424                CEC_IRQHandler
                0x08000424                EXTI15_10_IRQHandler
                0x08000424                TIM14_IRQHandler
                0x08000424                TIM13_IRQHandler
                0x08000424                TIM12_IRQHandler
                0x08000424                TIM7_IRQHandler
                0x08000424                CAN2_TX_IRQHandler
                0x08000424                TIM5_IRQHandler
                0x08000424                EXTI9_5_IRQHandler
                0x08000424                ETH_WKUP_IRQHandler
                0x08000424                SPI2_IRQHandler
                0x08000424                CAN1_TX_IRQHandler
                0x08000424                DMA2_Channel5_IRQHandler
                0x08000424                DMA1_Channel5_IRQHandler
                0x08000424                EXTI4_IRQHandler
                0x08000424                USB_LP_CAN1_RX0_IRQHandler
                0x08000424                TIM1_TRG_COM_TIM17_IRQHandler
                0x08000424                USB_HP_CAN1_TX_IRQHandler
                0x08000424                DMA1_Channel3_IRQHandler
                0x08000424                FSMC_IRQHandler
                0x08000424                ETH_IRQHandler
                0x08000424                TIM1_UP_IRQHandler
                0x08000424                WWDG_IRQHandler
                0x08000424                TIM2_IRQHandler
                0x08000424                OTG_FS_WKUP_IRQHandler
                0x08000424                TIM1_TRG_COM_TIM11_IRQHandler
                0x08000424                TIM1_BRK_IRQHandler
                0x08000424                EXTI1_IRQHandler
                0x08000424                RTCAlarm_IRQHandler
                0x08000424                DMA2_Channel4_5_IRQHandler
                0x08000424                USART2_IRQHandler
                0x08000424                I2C2_ER_IRQHandler
                0x08000424                DMA1_Channel2_IRQHandler
                0x08000424                TIM8_BRK_IRQHandler
                0x08000424                CAN1_SCE_IRQHandler
                0x08000424                FLASH_IRQHandler
                0x08000424                USART1_IRQHandler
                0x08000424                OTG_FS_IRQHandler
                0x08000424                SPI3_IRQHandler
                0x08000424                I2C1_ER_IRQHandler
                0x08000424                USBWakeUp_IRQHandler
                0x08000424                DMA2_Channel3_IRQHandler
                0x08000424                TIM1_BRK_TIM15_IRQHandler

.inits          0x08000428       0x28
                0x08000428                __data_regions_array_start = .
                0x08000428        0x4 LONG 0x8001f48 LOADADDR (.data)
                0x0800042c        0x4 LONG 0x20000000 ADDR (.data)
                0x08000430        0x4 LONG 0x20000098 (ADDR (.data) + SIZEOF (.data))
                0x08000434        0x4 LONG 0x8001f48 LOADADDR (.data_CCMRAM)
                0x08000438        0x4 LONG 0x0 ADDR (.data_CCMRAM)
                0x0800043c        0x4 LONG 0x0 (ADDR (.data_CCMRAM) + SIZEOF (.data_CCMRAM))
                0x08000440                __data_regions_array_end = .
                0x08000440                __bss_regions_array_start = .
                0x08000440        0x4 LONG 0x20000098 ADDR (.bss)
                0x08000444        0x4 LONG 0x20000260 (ADDR (.bss) + SIZEOF (.bss))
                0x08000448        0x4 LONG 0x0 ADDR (.bss_CCMRAM)
                0x0800044c        0x4 LONG 0x0 (ADDR (.bss_CCMRAM) + SIZEOF (.bss_CCMRAM))
                0x08000450                __bss_regions_array_end = .
 *(.init)
 *(.fini)
                0x08000450                . = ALIGN (0x4)
                0x08000450                PROVIDE (__preinit_array_start, .)
 *(.preinit_array_sysinit .preinit_array_sysinit.*)
 *(.preinit_array_platform .preinit_array_platform.*)
 *(.preinit_array .preinit_array.*)
                0x08000450                PROVIDE (__preinit_array_end, .)
                0x08000450                . = ALIGN (0x4)
                0x08000450                PROVIDE (__init_array_start, .)
 *(SORT(.init_array.*))
 *(.init_array)
                0x08000450                PROVIDE (__init_array_end, .)
                0x08000450                . = ALIGN (0x4)
                0x08000450                PROVIDE (__fini_array_start, .)
 *(SORT(.fini_array.*))
 *(.fini_array)
                0x08000450                PROVIDE (__fini_array_end, .)

.flashtext
 *(.flashtext .flashtext.*)

.text           0x08000450     0x1af5
 *(.text .text.*)
 .text.GPIO_Init
                0x08000450      0x12c ./system/src/stm32f1-stdperiph/stm32f10x_gpio.o
                0x08000450                GPIO_Init
 .text.RCC_GetClocksFreq
                0x0800057c       0xc0 ./system/src/stm32f1-stdperiph/stm32f10x_rcc.o
                0x0800057c                RCC_GetClocksFreq
 .text.RCC_APB2PeriphClockCmd
                0x0800063c       0x4c ./system/src/stm32f1-stdperiph/stm32f10x_rcc.o
                0x0800063c                RCC_APB2PeriphClockCmd
 .text.USART_Init
                0x08000688      0x1ac ./system/src/stm32f1-stdperiph/stm32f10x_usart.o
                0x08000688                USART_Init
 .text.USART_Cmd
                0x08000834       0x68 ./system/src/stm32f1-stdperiph/stm32f10x_usart.o
                0x08000834                USART_Cmd
 .text.USART_ITConfig
                0x0800089c       0xec ./system/src/stm32f1-stdperiph/stm32f10x_usart.o
                0x0800089c                USART_ITConfig
 .text.USART_SendData
                0x08000988       0x58 ./system/src/stm32f1-stdperiph/stm32f10x_usart.o
                0x08000988                USART_SendData
 .text.USART_GetFlagStatus
                0x080009e0       0xa8 ./system/src/stm32f1-stdperiph/stm32f10x_usart.o
                0x080009e0                USART_GetFlagStatus
 .text.USART_ClearFlag
                0x08000a88       0x84 ./system/src/stm32f1-stdperiph/stm32f10x_usart.o
                0x08000a88                USART_ClearFlag
 .text._sbrk    0x08000b0c       0x44 ./system/src/newlib/_sbrk.o
                0x08000b0c                _sbrk
 .text._exit    0x08000b50       0x20 ./system/src/newlib/_syscalls.o
                0x08000b50                _exit
 .text.initialise_monitor_handles
                0x08000b70       0xa8 ./system/src/newlib/_syscalls.o
                0x08000b70                initialise_monitor_handles
 .text.__initialize_args
                0x08000c18       0xdc ./system/src/newlib/_syscalls.o
                0x08000c18                __initialize_args
 .text.trace_printf
                0x08000cf4       0x34 ./system/src/diag/Trace.o
                0x08000cf4                trace_printf
 .text._trace_write_semihosting_debug
                0x08000d28       0x60 ./system/src/diag/trace_impl.o
 .text.trace_write
                0x08000d88        0x8 ./system/src/diag/trace_impl.o
                0x08000d88                trace_write
 .text.__initialize_hardware_early
                0x08000d90       0x18 ./system/src/cortexm/_initialize_hardware.o
                0x08000d90                __initialize_hardware_early
 .text.__initialize_hardware
                0x08000da8        0x8 ./system/src/cortexm/_initialize_hardware.o
                0x08000da8                __initialize_hardware
 .text.dumpExceptionStack
                0x08000db0       0xf0 ./system/src/cortexm/exception_handlers.o
                0x08000db0                dumpExceptionStack
 .text.isSemihosting
                0x08000ea0      0x100 ./system/src/cortexm/exception_handlers.o
                0x08000ea0                isSemihosting
 .text.SetSysClockTo72
                0x08000fa0       0xc8 ./system/src/cmsis/system_stm32f10x.o
 .text.SetSysClock
                0x08001068        0x8 ./system/src/cmsis/system_stm32f10x.o
 .text.SystemInit
                0x08001070       0x50 ./system/src/cmsis/system_stm32f10x.o
                0x08001070                SystemInit
 .text.SystemCoreClockUpdate
                0x080010c0       0x94 ./system/src/cmsis/system_stm32f10x.o
                0x080010c0                SystemCoreClockUpdate
 .text.SysTick_Configuration
                0x08001154       0x60 ./src/SysTick.o
                0x08001154                SysTick_Configuration
 .text.SysTick_Handler
                0x080011b4       0x34 ./src/SysTick.o
                0x080011b4                SysTick_Handler
 .text.SysTick_DelayMs
                0x080011e8       0x14 ./src/SysTick.o
                0x080011e8                SysTick_DelayMs
 .text.USART_Configuration
                0x080011fc       0xa0 ./src/Usart.o
                0x080011fc                USART_Configuration
 .text.USART_SendText
                0x0800129c       0x28 ./src/Usart.o
                0x0800129c                USART_SendText
 .text.USART_SendNumber
                0x080012c4       0x50 ./src/Usart.o
                0x080012c4                USART_SendNumber
 .text.main     0x08001314       0x30 ./src/main.o
                0x08001314                main
 .text.assert_failed
                0x08001344        0x4 ./src/main.o
                0x08001344                assert_failed
 .text.__errno  0x08001348        0xc /home/xuan/gcc-arm-none-eabi-4_8-2014q3/bin/../lib/gcc/arm-none-eabi/4.8.4/../../../../arm-none-eabi/lib/armv7-m/libg_s.a(lib_a-errno.o)
                0x08001348                __errno
 .text._malloc_r
                0x08001354       0xa8 /home/xuan/gcc-arm-none-eabi-4_8-2014q3/bin/../lib/gcc/arm-none-eabi/4.8.4/../../../../arm-none-eabi/lib/armv7-m/libg_s.a(lib_a-nano-mallocr.o)
                0x08001354                _malloc_r
 .text._sbrk_r  0x080013fc       0x20 /home/xuan/gcc-arm-none-eabi-4_8-2014q3/bin/../lib/gcc/arm-none-eabi/4.8.4/../../../../arm-none-eabi/lib/armv7-m/libg_s.a(lib_a-sbrkr.o)
                0x080013fc                _sbrk_r
 .text          0x0800141c       0x14 /home/xuan/gcc-arm-none-eabi-4_8-2014q3/bin/../lib/gcc/arm-none-eabi/4.8.4/../../../../arm-none-eabi/lib/armv7-m/libg_s.a(lib_a-strcmp.o)
                0x0800141c                strcmp
 .text.strlen   0x08001430       0x10 /home/xuan/gcc-arm-none-eabi-4_8-2014q3/bin/../lib/gcc/arm-none-eabi/4.8.4/../../../../arm-none-eabi/lib/armv7-m/libg_s.a(lib_a-strlen.o)
                0x08001430                strlen
 .text._vsnprintf_r
                0x08001440       0x52 /home/xuan/gcc-arm-none-eabi-4_8-2014q3/bin/../lib/gcc/arm-none-eabi/4.8.4/../../../../arm-none-eabi/lib/armv7-m/libg_s.a(lib_a-vsnprintf.o)
                0x08001440                _vsnprintf_r
                0x08001440                _vsniprintf_r
 *fill*         0x08001492        0x2 
 .text.vsnprintf
                0x08001494       0x20 /home/xuan/gcc-arm-none-eabi-4_8-2014q3/bin/../lib/gcc/arm-none-eabi/4.8.4/../../../../arm-none-eabi/lib/armv7-m/libg_s.a(lib_a-vsnprintf.o)
                0x08001494                vsnprintf
                0x08001494                vsniprintf
 .text._free_r  0x080014b4       0x88 /home/xuan/gcc-arm-none-eabi-4_8-2014q3/bin/../lib/gcc/arm-none-eabi/4.8.4/../../../../arm-none-eabi/lib/armv7-m/libg_s.a(lib_a-nano-freer.o)
                0x080014b4                _free_r
 .text.__ssputs_r
                0x0800153c       0xb8 /home/xuan/gcc-arm-none-eabi-4_8-2014q3/bin/../lib/gcc/arm-none-eabi/4.8.4/../../../../arm-none-eabi/lib/armv7-m/libg_s.a(lib_a-svfprintf.o)
                0x0800153c                __ssputs_r
 .text._svfprintf_r
                0x080015f4      0x1d8 /home/xuan/gcc-arm-none-eabi-4_8-2014q3/bin/../lib/gcc/arm-none-eabi/4.8.4/../../../../arm-none-eabi/lib/armv7-m/libg_s.a(lib_a-svfprintf.o)
                0x080015f4                _svfprintf_r
                0x080015f4                _svfiprintf_r
 .text._printf_common
                0x080017cc       0xe4 /home/xuan/gcc-arm-none-eabi-4_8-2014q3/bin/../lib/gcc/arm-none-eabi/4.8.4/../../../../arm-none-eabi/lib/armv7-m/libg_s.a(lib_a-vfprintf_i.o)
                0x080017cc                _printf_common
 .text._printf_i
                0x080018b0      0x228 /home/xuan/gcc-arm-none-eabi-4_8-2014q3/bin/../lib/gcc/arm-none-eabi/4.8.4/../../../../arm-none-eabi/lib/armv7-m/libg_s.a(lib_a-vfprintf_i.o)
                0x080018b0                _printf_i
 .text.memchr   0x08001ad8       0x1c /home/xuan/gcc-arm-none-eabi-4_8-2014q3/bin/../lib/gcc/arm-none-eabi/4.8.4/../../../../arm-none-eabi/lib/armv7-m/libg_s.a(lib_a-memchr-stub.o)
                0x08001ad8                memchr
 .text.memcpy   0x08001af4       0x12 /home/xuan/gcc-arm-none-eabi-4_8-2014q3/bin/../lib/gcc/arm-none-eabi/4.8.4/../../../../arm-none-eabi/lib/armv7-m/libg_s.a(lib_a-memcpy-stub.o)
                0x08001af4                memcpy
 .text.memmove  0x08001b06       0x36 /home/xuan/gcc-arm-none-eabi-4_8-2014q3/bin/../lib/gcc/arm-none-eabi/4.8.4/../../../../arm-none-eabi/lib/armv7-m/libg_s.a(lib_a-memmove.o)
                0x08001b06                memmove
 .text._realloc_r
                0x08001b3c       0x4c /home/xuan/gcc-arm-none-eabi-4_8-2014q3/bin/../lib/gcc/arm-none-eabi/4.8.4/../../../../arm-none-eabi/lib/armv7-m/libg_s.a(lib_a-nano-reallocr.o)
                0x08001b3c                _realloc_r
 .text._malloc_usable_size_r
                0x08001b88       0x12 /home/xuan/gcc-arm-none-eabi-4_8-2014q3/bin/../lib/gcc/arm-none-eabi/4.8.4/../../../../arm-none-eabi/lib/armv7-m/libg_s.a(lib_a-nano-msizer.o)
                0x08001b88                _malloc_usable_size_r
 *(.rodata .rodata.* .constdata .constdata.*)
 *fill*         0x08001b9a        0x2 
 .rodata.str1.4
                0x08001b9c       0x31 ./system/src/stm32f1-stdperiph/stm32f10x_gpio.o
                                 0x34 (size before relaxing)
 *fill*         0x08001bcd        0x3 
 .rodata.str1.4
                0x08001bd0       0x30 ./system/src/stm32f1-stdperiph/stm32f10x_rcc.o
 .rodata.str1.4
                0x08001c00       0x32 ./system/src/stm32f1-stdperiph/stm32f10x_usart.o
                                 0x34 (size before relaxing)
 *fill*         0x08001c32        0x2 
 .rodata.str1.4
                0x08001c34        0x9 ./system/src/newlib/_syscalls.o
                                  0xc (size before relaxing)
 *fill*         0x08001c3d        0x3 
 .rodata.str1.4
                0x08001c40      0x146 ./system/src/cortexm/exception_handlers.o
                                0x14c (size before relaxing)
 *fill*         0x08001d86        0x2 
 .rodata.str1.4
                0x08001d88       0x24 ./src/main.o
 .rodata._ctype_
                0x08001dac      0x101 /home/xuan/gcc-arm-none-eabi-4_8-2014q3/bin/../lib/gcc/arm-none-eabi/4.8.4/../../../../arm-none-eabi/lib/armv7-m/libg_s.a(lib_a-ctype_.o)
                0x08001dac                _ctype_
 *fill*         0x08001ead        0x3 
 .rodata.__sf_fake_stdin
                0x08001eb0       0x20 /home/xuan/gcc-arm-none-eabi-4_8-2014q3/bin/../lib/gcc/arm-none-eabi/4.8.4/../../../../arm-none-eabi/lib/armv7-m/libg_s.a(lib_a-findfp.o)
                0x08001eb0                __sf_fake_stdin
 .rodata.__sf_fake_stdout
                0x08001ed0       0x20 /home/xuan/gcc-arm-none-eabi-4_8-2014q3/bin/../lib/gcc/arm-none-eabi/4.8.4/../../../../arm-none-eabi/lib/armv7-m/libg_s.a(lib_a-findfp.o)
                0x08001ed0                __sf_fake_stdout
 .rodata.__sf_fake_stderr
                0x08001ef0       0x20 /home/xuan/gcc-arm-none-eabi-4_8-2014q3/bin/../lib/gcc/arm-none-eabi/4.8.4/../../../../arm-none-eabi/lib/armv7-m/libg_s.a(lib_a-findfp.o)
                0x08001ef0                __sf_fake_stderr
 .rodata.str1.1
                0x08001f10        0x2 /home/xuan/gcc-arm-none-eabi-4_8-2014q3/bin/../lib/gcc/arm-none-eabi/4.8.4/../../../../arm-none-eabi/lib/armv7-m/libg_s.a(lib_a-impure.o)
 .rodata.str1.1
                0x08001f12       0x11 /home/xuan/gcc-arm-none-eabi-4_8-2014q3/bin/../lib/gcc/arm-none-eabi/4.8.4/../../../../arm-none-eabi/lib/armv7-m/libg_s.a(lib_a-svfprintf.o)
 .rodata.str1.1
                0x08001f23       0x22 /home/xuan/gcc-arm-none-eabi-4_8-2014q3/bin/../lib/gcc/arm-none-eabi/4.8.4/../../../../arm-none-eabi/lib/armv7-m/libg_s.a(lib_a-vfprintf_i.o)
 *(vtable)
 *(.eh_frame*)
 *(.glue_7)
 .glue_7        0x00000000        0x0 linker stubs
 *(.glue_7t)
 .glue_7t       0x00000000        0x0 linker stubs

.vfp11_veneer   0x08001f48        0x0
 .vfp11_veneer  0x00000000        0x0 linker stubs

.v4_bx          0x08001f48        0x0
 .v4_bx         0x00000000        0x0 linker stubs

.iplt           0x08001f48        0x0
 .iplt          0x00000000        0x0 ./system/src/stm32f1-stdperiph/misc.o

.rel.dyn        0x08001f48        0x0
 .rel.iplt      0x00000000        0x0 ./system/src/stm32f1-stdperiph/misc.o

.ARM.extab
 *(.ARM.extab* .gnu.linkonce.armextab.*)
                0x08001f48                . = ALIGN (0x4)
                0x08001f48                __exidx_start = .

.ARM.exidx
 *(.ARM.exidx* .gnu.linkonce.armexidx.*)
                0x08001f48                __exidx_end = .
                0x08001f48                . = ALIGN (0x4)
                0x08001f48                _etext = .
                0x08001f48                __etext = .

.data_CCMRAM    0x00000000        0x0 load address 0x08001f48
 FILL mask 0xff
 *(.data.CCMRAM .data.CCMRAM.*)
                0x00000000                . = ALIGN (0x4)
                0x08001f48                _sidata = LOADADDR (.data)

.data           0x20000000       0x98 load address 0x08001f48
 FILL mask 0xff
                0x20000000                _sdata = .
                0x20000000                __data_start__ = .
 *(.data_begin .data_begin.*)
 .data_begin    0x20000000        0x4 ./system/src/newlib/_startup.o
 *(.data .data.*)
 .data.ADCPrescTable
                0x20000004        0x4 ./system/src/stm32f1-stdperiph/stm32f10x_rcc.o
 .data.APBAHBPrescTable
                0x20000008       0x10 ./system/src/stm32f1-stdperiph/stm32f10x_rcc.o
 .data.AHBPrescTable
                0x20000018       0x10 ./system/src/cmsis/system_stm32f10x.o
                0x20000018                AHBPrescTable
 .data.SystemCoreClock
                0x20000028        0x4 ./system/src/cmsis/system_stm32f10x.o
                0x20000028                SystemCoreClock
 .data.__ctype_ptr__
                0x2000002c        0x4 /home/xuan/gcc-arm-none-eabi-4_8-2014q3/bin/../lib/gcc/arm-none-eabi/4.8.4/../../../../arm-none-eabi/lib/armv7-m/libg_s.a(lib_a-ctype_.o)
                0x2000002c                __ctype_ptr__
 .data.impure_data
                0x20000030       0x60 /home/xuan/gcc-arm-none-eabi-4_8-2014q3/bin/../lib/gcc/arm-none-eabi/4.8.4/../../../../arm-none-eabi/lib/armv7-m/libg_s.a(lib_a-impure.o)
 .data._impure_ptr
                0x20000090        0x4 /home/xuan/gcc-arm-none-eabi-4_8-2014q3/bin/../lib/gcc/arm-none-eabi/4.8.4/../../../../arm-none-eabi/lib/armv7-m/libg_s.a(lib_a-impure.o)
                0x20000090                _impure_ptr
 *(.data_end .data_end.*)
 .data_end      0x20000094        0x4 ./system/src/newlib/_startup.o
                0x20000098                . = ALIGN (0x4)
                0x20000098                _edata = .
                0x20000098                __data_end__ = .

.igot.plt       0x20000098        0x0 load address 0x08001fe0
 .igot.plt      0x00000000        0x0 ./system/src/stm32f1-stdperiph/misc.o

.bss_CCMRAM     0x00000000        0x0
 *(.bss.CCMRAM .bss.CCMRAM.*)

.bss            0x20000098      0x1c8
                0x20000098                __bss_start__ = .
                0x20000098                _sbss = .
 *(.bss_begin .bss_begin.*)
 .bss_begin     0x20000098        0x4 ./system/src/newlib/_startup.o
 *(.bss .bss.*)
 .bss.current_heap_end.4289
                0x2000009c        0x4 ./system/src/newlib/_sbrk.o
 .bss.monitor_stdout
                0x200000a0        0x4 ./system/src/newlib/_syscalls.o
 .bss.args_buf.5809
                0x200000a4       0x50 ./system/src/newlib/_syscalls.o
 .bss.monitor_stdin
                0x200000f4        0x4 ./system/src/newlib/_syscalls.o
 .bss.monitor_stderr
                0x200000f8        0x4 ./system/src/newlib/_syscalls.o
 .bss.argv_buf.5810
                0x200000fc       0x28 ./system/src/newlib/_syscalls.o
 .bss.openfiles
                0x20000124       0xa0 ./system/src/newlib/_syscalls.o
 .bss.buf.5352  0x200001c4       0x80 ./system/src/diag/Trace.o
 .bss.__systemTickTimmingDelay
                0x20000244        0x4 ./src/SysTick.o
 .bss.__systemTickCount
                0x20000248        0x4 ./src/SysTick.o
 .bss.__systemTickTimeout
                0x2000024c        0x4 ./src/SysTick.o
 .bss.__malloc_sbrk_start
                0x20000250        0x4 /home/xuan/gcc-arm-none-eabi-4_8-2014q3/bin/../lib/gcc/arm-none-eabi/4.8.4/../../../../arm-none-eabi/lib/armv7-m/libg_s.a(lib_a-nano-mallocr.o)
                0x20000250                __malloc_sbrk_start
 .bss.__malloc_free_list
                0x20000254        0x4 /home/xuan/gcc-arm-none-eabi-4_8-2014q3/bin/../lib/gcc/arm-none-eabi/4.8.4/../../../../arm-none-eabi/lib/armv7-m/libg_s.a(lib_a-nano-mallocr.o)
                0x20000254                __malloc_free_list
 *(COMMON)
 COMMON         0x20000258        0x4 ./system/src/newlib/_syscalls.o
                0x20000258                errno
 *(.bss_end .bss_end.*)
 .bss_end       0x2000025c        0x4 ./system/src/newlib/_startup.o
                0x20000260                . = ALIGN (0x4)
                0x20000260                __bss_end__ = .
                0x20000260                _ebss = .

.noinit_CCMRAM
 *(.noinit.CCMRAM .noinit.CCMRAM.*)

.noinit         0x20000260        0x0
                0x20000260                _noinit = .
 *(.noinit .noinit.*)
                0x20000260                . = ALIGN (0x4)
                0x20000260                _end_noinit = .
                0x20000260                PROVIDE (end, _end_noinit)
                0x20000260                PROVIDE (_end, _end_noinit)
                0x20000260                PROVIDE (__end, _end_noinit)
                0x20000260                PROVIDE (__end__, _end_noinit)

._check_stack   0x20000260      0x100
                0x20000360                . = (. + _Minimum_Stack_Size)
 *fill*         0x20000260      0x100 

.b1text
 *(.b1text)
 *(.b1rodata)
 *(.b1rodata.*)

.eb0text
 *(.eb0text)
 *(.eb0rodata)
 *(.eb0rodata.*)

.eb1text
 *(.eb1text)
 *(.eb1rodata)
 *(.eb1rodata.*)

.eb2text
 *(.eb2text)
 *(.eb2rodata)
 *(.eb2rodata.*)

.eb3text
 *(.eb3text)
 *(.eb3rodata)
 *(.eb3rodata.*)

.stab
 *(.stab)

.stabstr
 *(.stabstr)

.stab.excl
 *(.stab.excl)

.stab.exclstr
 *(.stab.exclstr)

.stab.index
 *(.stab.index)

.stab.indexstr
 *(.stab.indexstr)

.comment        0x00000000       0x70
 *(.comment)
 .comment       0x00000000       0x70 ./system/src/stm32f1-stdperiph/stm32f10x_gpio.o
                                 0x71 (size before relaxing)
 .comment       0x00000000       0x71 ./system/src/stm32f1-stdperiph/stm32f10x_rcc.o
 .comment       0x00000000       0x71 ./system/src/stm32f1-stdperiph/stm32f10x_usart.o
 .comment       0x00000000       0x71 ./system/src/newlib/_sbrk.o
 .comment       0x00000000       0x71 ./system/src/newlib/_startup.o
 .comment       0x00000000       0x71 ./system/src/newlib/_syscalls.o
 .comment       0x00000000       0x71 ./system/src/diag/Trace.o
 .comment       0x00000000       0x71 ./system/src/diag/trace_impl.o
 .comment       0x00000000       0x71 ./system/src/cortexm/_initialize_hardware.o
 .comment       0x00000000       0x71 ./system/src/cortexm/exception_handlers.o
 .comment       0x00000000       0x71 ./system/src/cmsis/system_stm32f10x.o
 .comment       0x00000000       0x71 ./system/src/cmsis/vectors_stm32f10x.o
 .comment       0x00000000       0x71 ./src/SysTick.o
 .comment       0x00000000       0x71 ./src/Usart.o
 .comment       0x00000000       0x71 ./src/main.o

.ARM.attributes
                0x00000000       0x31
 .ARM.attributes
                0x00000000       0x33 ./system/src/stm32f1-stdperiph/stm32f10x_gpio.o
 .ARM.attributes
                0x00000033       0x33 ./system/src/stm32f1-stdperiph/stm32f10x_rcc.o
 .ARM.attributes
                0x00000066       0x33 ./system/src/stm32f1-stdperiph/stm32f10x_usart.o
 .ARM.attributes
                0x00000099       0x33 ./system/src/newlib/_sbrk.o
 .ARM.attributes
                0x000000cc       0x33 ./system/src/newlib/_startup.o
 .ARM.attributes
                0x000000ff       0x33 ./system/src/newlib/_syscalls.o
 .ARM.attributes
                0x00000132       0x33 ./system/src/diag/Trace.o
 .ARM.attributes
                0x00000165       0x33 ./system/src/diag/trace_impl.o
 .ARM.attributes
                0x00000198       0x33 ./system/src/cortexm/_initialize_hardware.o
 .ARM.attributes
                0x000001cb       0x33 ./system/src/cortexm/exception_handlers.o
 .ARM.attributes
                0x000001fe       0x33 ./system/src/cmsis/system_stm32f10x.o
 .ARM.attributes
                0x00000231       0x33 ./system/src/cmsis/vectors_stm32f10x.o
 .ARM.attributes
                0x00000264       0x33 ./src/SysTick.o
 .ARM.attributes
                0x00000297       0x33 ./src/Usart.o
 .ARM.attributes
                0x000002ca       0x33 ./src/main.o
 .ARM.attributes
                0x000002fd       0x2d /home/xuan/gcc-arm-none-eabi-4_8-2014q3/bin/../lib/gcc/arm-none-eabi/4.8.4/../../../../arm-none-eabi/lib/armv7-m/libg_s.a(lib_a-ctype_.o)
 .ARM.attributes
                0x0000032a       0x2d /home/xuan/gcc-arm-none-eabi-4_8-2014q3/bin/../lib/gcc/arm-none-eabi/4.8.4/../../../../arm-none-eabi/lib/armv7-m/libg_s.a(lib_a-errno.o)
 .ARM.attributes
                0x00000357       0x2d /home/xuan/gcc-arm-none-eabi-4_8-2014q3/bin/../lib/gcc/arm-none-eabi/4.8.4/../../../../arm-none-eabi/lib/armv7-m/libg_s.a(lib_a-findfp.o)
 .ARM.attributes
                0x00000384       0x2d /home/xuan/gcc-arm-none-eabi-4_8-2014q3/bin/../lib/gcc/arm-none-eabi/4.8.4/../../../../arm-none-eabi/lib/armv7-m/libg_s.a(lib_a-impure.o)
 .ARM.attributes
                0x000003b1       0x2d /home/xuan/gcc-arm-none-eabi-4_8-2014q3/bin/../lib/gcc/arm-none-eabi/4.8.4/../../../../arm-none-eabi/lib/armv7-m/libg_s.a(lib_a-nano-mallocr.o)
 .ARM.attributes
                0x000003de       0x2d /home/xuan/gcc-arm-none-eabi-4_8-2014q3/bin/../lib/gcc/arm-none-eabi/4.8.4/../../../../arm-none-eabi/lib/armv7-m/libg_s.a(lib_a-sbrkr.o)
 .ARM.attributes
                0x0000040b       0x1b /home/xuan/gcc-arm-none-eabi-4_8-2014q3/bin/../lib/gcc/arm-none-eabi/4.8.4/../../../../arm-none-eabi/lib/armv7-m/libg_s.a(lib_a-strcmp.o)
 .ARM.attributes
                0x00000426       0x2d /home/xuan/gcc-arm-none-eabi-4_8-2014q3/bin/../lib/gcc/arm-none-eabi/4.8.4/../../../../arm-none-eabi/lib/armv7-m/libg_s.a(lib_a-strlen.o)
 .ARM.attributes
                0x00000453       0x2d /home/xuan/gcc-arm-none-eabi-4_8-2014q3/bin/../lib/gcc/arm-none-eabi/4.8.4/../../../../arm-none-eabi/lib/armv7-m/libg_s.a(lib_a-vsnprintf.o)
 .ARM.attributes
                0x00000480       0x2d /home/xuan/gcc-arm-none-eabi-4_8-2014q3/bin/../lib/gcc/arm-none-eabi/4.8.4/../../../../arm-none-eabi/lib/armv7-m/libg_s.a(lib_a-nano-freer.o)
 .ARM.attributes
                0x000004ad       0x2d /home/xuan/gcc-arm-none-eabi-4_8-2014q3/bin/../lib/gcc/arm-none-eabi/4.8.4/../../../../arm-none-eabi/lib/armv7-m/libg_s.a(lib_a-svfprintf.o)
 .ARM.attributes
                0x000004da       0x2d /home/xuan/gcc-arm-none-eabi-4_8-2014q3/bin/../lib/gcc/arm-none-eabi/4.8.4/../../../../arm-none-eabi/lib/armv7-m/libg_s.a(lib_a-vfprintf_i.o)
 .ARM.attributes
                0x00000507       0x2d /home/xuan/gcc-arm-none-eabi-4_8-2014q3/bin/../lib/gcc/arm-none-eabi/4.8.4/../../../../arm-none-eabi/lib/armv7-m/libg_s.a(lib_a-memchr-stub.o)
 .ARM.attributes
                0x00000534       0x2d /home/xuan/gcc-arm-none-eabi-4_8-2014q3/bin/../lib/gcc/arm-none-eabi/4.8.4/../../../../arm-none-eabi/lib/armv7-m/libg_s.a(lib_a-memcpy-stub.o)
 .ARM.attributes
                0x00000561       0x2d /home/xuan/gcc-arm-none-eabi-4_8-2014q3/bin/../lib/gcc/arm-none-eabi/4.8.4/../../../../arm-none-eabi/lib/armv7-m/libg_s.a(lib_a-memmove.o)
 .ARM.attributes
                0x0000058e       0x2d /home/xuan/gcc-arm-none-eabi-4_8-2014q3/bin/../lib/gcc/arm-none-eabi/4.8.4/../../../../arm-none-eabi/lib/armv7-m/libg_s.a(lib_a-nano-reallocr.o)
 .ARM.attributes
                0x000005bb       0x2d /home/xuan/gcc-arm-none-eabi-4_8-2014q3/bin/../lib/gcc/arm-none-eabi/4.8.4/../../../../arm-none-eabi/lib/armv7-m/libg_s.a(lib_a-nano-msizer.o)

.debug
 *(.debug)

.line
 *(.line)

.debug_srcinfo
 *(.debug_srcinfo)

.debug_sfnames
 *(.debug_sfnames)

.debug_aranges  0x00000000      0x680
 *(.debug_aranges)
 .debug_aranges
                0x00000000       0xa8 ./system/src/stm32f1-stdperiph/stm32f10x_gpio.o
 .debug_aranges
                0x000000a8      0x118 ./system/src/stm32f1-stdperiph/stm32f10x_rcc.o
 .debug_aranges
                0x000001c0      0x100 ./system/src/stm32f1-stdperiph/stm32f10x_usart.o
 .debug_aranges
                0x000002c0       0x20 ./system/src/newlib/_sbrk.o
 .debug_aranges
                0x000002e0       0x40 ./system/src/newlib/_startup.o
 .debug_aranges
                0x00000320      0x120 ./system/src/newlib/_syscalls.o
 .debug_aranges
                0x00000440       0x38 ./system/src/diag/Trace.o
 .debug_aranges
                0x00000478       0x30 ./system/src/diag/trace_impl.o
 .debug_aranges
                0x000004a8       0x28 ./system/src/cortexm/_initialize_hardware.o
 .debug_aranges
                0x000004d0       0x90 ./system/src/cortexm/exception_handlers.o
 .debug_aranges
                0x00000560       0x38 ./system/src/cmsis/system_stm32f10x.o
 .debug_aranges
                0x00000598       0x20 ./system/src/cmsis/vectors_stm32f10x.o
 .debug_aranges
                0x000005b8       0x50 ./src/SysTick.o
 .debug_aranges
                0x00000608       0x40 ./src/Usart.o
 .debug_aranges
                0x00000648       0x38 ./src/main.o

.debug_pubnames
 *(.debug_pubnames)

.debug_info     0x00000000     0x7b0d
 *(.debug_info .gnu.linkonce.wi.*)
 .debug_info    0x00000000      0xc00 ./system/src/stm32f1-stdperiph/stm32f10x_gpio.o
 .debug_info    0x00000c00      0xc97 ./system/src/stm32f1-stdperiph/stm32f10x_rcc.o
 .debug_info    0x00001897     0x12d7 ./system/src/stm32f1-stdperiph/stm32f10x_usart.o
 .debug_info    0x00002b6e      0x125 ./system/src/newlib/_sbrk.o
 .debug_info    0x00002c93      0x47f ./system/src/newlib/_startup.o
 .debug_info    0x00003112     0x1ef2 ./system/src/newlib/_syscalls.o
 .debug_info    0x00005004      0x32b ./system/src/diag/Trace.o
 .debug_info    0x0000532f      0x30f ./system/src/diag/trace_impl.o
 .debug_info    0x0000563e      0x2b5 ./system/src/cortexm/_initialize_hardware.o
 .debug_info    0x000058f3      0x9a6 ./system/src/cortexm/exception_handlers.o
 .debug_info    0x00006299      0x4a0 ./system/src/cmsis/system_stm32f10x.o
 .debug_info    0x00006739       0xd1 ./system/src/cmsis/vectors_stm32f10x.o
 .debug_info    0x0000680a      0x769 ./src/SysTick.o
 .debug_info    0x00006f73      0x6ee ./src/Usart.o
 .debug_info    0x00007661      0x4ac ./src/main.o

.debug_abbrev   0x00000000     0x1a97
 *(.debug_abbrev)
 .debug_abbrev  0x00000000      0x1f9 ./system/src/stm32f1-stdperiph/stm32f10x_gpio.o
 .debug_abbrev  0x000001f9      0x1ff ./system/src/stm32f1-stdperiph/stm32f10x_rcc.o
 .debug_abbrev  0x000003f8      0x1d6 ./system/src/stm32f1-stdperiph/stm32f10x_usart.o
 .debug_abbrev  0x000005ce       0xbb ./system/src/newlib/_sbrk.o
 .debug_abbrev  0x00000689      0x1e9 ./system/src/newlib/_startup.o
 .debug_abbrev  0x00000872      0x451 ./system/src/newlib/_syscalls.o
 .debug_abbrev  0x00000cc3      0x178 ./system/src/diag/Trace.o
 .debug_abbrev  0x00000e3b      0x1bd ./system/src/diag/trace_impl.o
 .debug_abbrev  0x00000ff8       0xea ./system/src/cortexm/_initialize_hardware.o
 .debug_abbrev  0x000010e2      0x280 ./system/src/cortexm/exception_handlers.o
 .debug_abbrev  0x00001362      0x157 ./system/src/cmsis/system_stm32f10x.o
 .debug_abbrev  0x000014b9       0x9d ./system/src/cmsis/vectors_stm32f10x.o
 .debug_abbrev  0x00001556      0x200 ./src/SysTick.o
 .debug_abbrev  0x00001756      0x19f ./src/Usart.o
 .debug_abbrev  0x000018f5      0x1a2 ./src/main.o

.debug_line     0x00000000     0x4d10
 *(.debug_line)
 .debug_line    0x00000000      0x6bb ./system/src/stm32f1-stdperiph/stm32f10x_gpio.o
 .debug_line    0x000006bb      0x7e6 ./system/src/stm32f1-stdperiph/stm32f10x_rcc.o
 .debug_line    0x00000ea1      0x8b6 ./system/src/stm32f1-stdperiph/stm32f10x_usart.o
 .debug_line    0x00001757      0x220 ./system/src/newlib/_sbrk.o
 .debug_line    0x00001977      0x2da ./system/src/newlib/_startup.o
 .debug_line    0x00001c51      0x7f6 ./system/src/newlib/_syscalls.o
 .debug_line    0x00002447      0x326 ./system/src/diag/Trace.o
 .debug_line    0x0000276d      0x554 ./system/src/diag/trace_impl.o
 .debug_line    0x00002cc1      0x446 ./system/src/cortexm/_initialize_hardware.o
 .debug_line    0x00003107      0x68f ./system/src/cortexm/exception_handlers.o
 .debug_line    0x00003796      0x49f ./system/src/cmsis/system_stm32f10x.o
 .debug_line    0x00003c35      0x1d6 ./system/src/cmsis/vectors_stm32f10x.o
 .debug_line    0x00003e0b      0x4b9 ./src/SysTick.o
 .debug_line    0x000042c4      0x53e ./src/Usart.o
 .debug_line    0x00004802      0x50e ./src/main.o

.debug_frame    0x00000000     0x14b8
 *(.debug_frame)
 .debug_frame   0x00000000      0x1e8 ./system/src/stm32f1-stdperiph/stm32f10x_gpio.o
 .debug_frame   0x000001e8      0x314 ./system/src/stm32f1-stdperiph/stm32f10x_rcc.o
 .debug_frame   0x000004fc      0x318 ./system/src/stm32f1-stdperiph/stm32f10x_usart.o
 .debug_frame   0x00000814       0x28 ./system/src/newlib/_sbrk.o
 .debug_frame   0x0000083c       0x7c ./system/src/newlib/_startup.o
 .debug_frame   0x000008b8      0x390 ./system/src/newlib/_syscalls.o
 .debug_frame   0x00000c48       0x80 ./system/src/diag/Trace.o
 .debug_frame   0x00000cc8       0x5c ./system/src/diag/trace_impl.o
 .debug_frame   0x00000d24       0x40 ./system/src/cortexm/_initialize_hardware.o
 .debug_frame   0x00000d64      0x160 ./system/src/cortexm/exception_handlers.o
 .debug_frame   0x00000ec4       0x64 ./system/src/cmsis/system_stm32f10x.o
 .debug_frame   0x00000f28       0x20 ./system/src/cmsis/vectors_stm32f10x.o
 .debug_frame   0x00000f48       0x80 ./src/SysTick.o
 .debug_frame   0x00000fc8       0xa0 ./src/Usart.o
 .debug_frame   0x00001068       0x60 ./src/main.o
 .debug_frame   0x000010c8       0x20 /home/xuan/gcc-arm-none-eabi-4_8-2014q3/bin/../lib/gcc/arm-none-eabi/4.8.4/../../../../arm-none-eabi/lib/armv7-m/libg_s.a(lib_a-errno.o)
 .debug_frame   0x000010e8      0x12c /home/xuan/gcc-arm-none-eabi-4_8-2014q3/bin/../lib/gcc/arm-none-eabi/4.8.4/../../../../arm-none-eabi/lib/armv7-m/libg_s.a(lib_a-findfp.o)
 .debug_frame   0x00001214       0x2c /home/xuan/gcc-arm-none-eabi-4_8-2014q3/bin/../lib/gcc/arm-none-eabi/4.8.4/../../../../arm-none-eabi/lib/armv7-m/libg_s.a(lib_a-nano-mallocr.o)
 .debug_frame   0x00001240       0x2c /home/xuan/gcc-arm-none-eabi-4_8-2014q3/bin/../lib/gcc/arm-none-eabi/4.8.4/../../../../arm-none-eabi/lib/armv7-m/libg_s.a(lib_a-sbrkr.o)
 .debug_frame   0x0000126c       0x20 /home/xuan/gcc-arm-none-eabi-4_8-2014q3/bin/../lib/gcc/arm-none-eabi/4.8.4/../../../../arm-none-eabi/lib/armv7-m/libg_s.a(lib_a-strlen.o)
 .debug_frame   0x0000128c       0x4c /home/xuan/gcc-arm-none-eabi-4_8-2014q3/bin/../lib/gcc/arm-none-eabi/4.8.4/../../../../arm-none-eabi/lib/armv7-m/libg_s.a(lib_a-vsnprintf.o)
 .debug_frame   0x000012d8       0x2c /home/xuan/gcc-arm-none-eabi-4_8-2014q3/bin/../lib/gcc/arm-none-eabi/4.8.4/../../../../arm-none-eabi/lib/armv7-m/libg_s.a(lib_a-nano-freer.o)
 .debug_frame   0x00001304       0x88 /home/xuan/gcc-arm-none-eabi-4_8-2014q3/bin/../lib/gcc/arm-none-eabi/4.8.4/../../../../arm-none-eabi/lib/armv7-m/libg_s.a(lib_a-svfprintf.o)
 .debug_frame   0x0000138c       0x60 /home/xuan/gcc-arm-none-eabi-4_8-2014q3/bin/../lib/gcc/arm-none-eabi/4.8.4/../../../../arm-none-eabi/lib/armv7-m/libg_s.a(lib_a-vfprintf_i.o)
 .debug_frame   0x000013ec       0x28 /home/xuan/gcc-arm-none-eabi-4_8-2014q3/bin/../lib/gcc/arm-none-eabi/4.8.4/../../../../arm-none-eabi/lib/armv7-m/libg_s.a(lib_a-memchr-stub.o)
 .debug_frame   0x00001414       0x28 /home/xuan/gcc-arm-none-eabi-4_8-2014q3/bin/../lib/gcc/arm-none-eabi/4.8.4/../../../../arm-none-eabi/lib/armv7-m/libg_s.a(lib_a-memcpy-stub.o)
 .debug_frame   0x0000143c       0x2c /home/xuan/gcc-arm-none-eabi-4_8-2014q3/bin/../lib/gcc/arm-none-eabi/4.8.4/../../../../arm-none-eabi/lib/armv7-m/libg_s.a(lib_a-memmove.o)
 .debug_frame   0x00001468       0x30 /home/xuan/gcc-arm-none-eabi-4_8-2014q3/bin/../lib/gcc/arm-none-eabi/4.8.4/../../../../arm-none-eabi/lib/armv7-m/libg_s.a(lib_a-nano-reallocr.o)
 .debug_frame   0x00001498       0x20 /home/xuan/gcc-arm-none-eabi-4_8-2014q3/bin/../lib/gcc/arm-none-eabi/4.8.4/../../../../arm-none-eabi/lib/armv7-m/libg_s.a(lib_a-nano-msizer.o)

.debug_str      0x00000000    0x566c6
 *(.debug_str)
 .debug_str     0x00000000    0x4e78c ./system/src/stm32f1-stdperiph/stm32f10x_gpio.o
                              0x4e8fb (size before relaxing)
 .debug_str     0x0004e78c      0xb4a ./system/src/stm32f1-stdperiph/stm32f10x_rcc.o
                              0x4eeca (size before relaxing)
 .debug_str     0x0004f2d6      0x834 ./system/src/stm32f1-stdperiph/stm32f10x_usart.o
                              0x4ec34 (size before relaxing)
 .debug_str     0x0004fb0a     0x1dc4 ./system/src/newlib/_sbrk.o
                               0x44be (size before relaxing)
 .debug_str     0x000518ce      0x266 ./system/src/newlib/_startup.o
                               0x3f48 (size before relaxing)
 .debug_str     0x00051b34     0x3fc7 ./system/src/newlib/_syscalls.o
                               0x8df7 (size before relaxing)
 .debug_str     0x00055afb      0x198 ./system/src/diag/Trace.o
                               0x65ef (size before relaxing)
 .debug_str     0x00055c93       0x99 ./system/src/diag/trace_impl.o
                              0x501b1 (size before relaxing)
 .debug_str     0x00055d2c       0xb2 ./system/src/cortexm/_initialize_hardware.o
                              0x4e3da (size before relaxing)
 .debug_str     0x00055dde      0x1f9 ./system/src/cortexm/exception_handlers.o
                              0x51e65 (size before relaxing)
 .debug_str     0x00055fd7       0xa6 ./system/src/cmsis/system_stm32f10x.o
                              0x4e48f (size before relaxing)
 .debug_str     0x0005607d       0x57 ./system/src/cmsis/vectors_stm32f10x.o
                               0x2fe7 (size before relaxing)
 .debug_str     0x000560d4      0x52a ./src/SysTick.o
                              0x4e8c5 (size before relaxing)
 .debug_str     0x000565fe       0xa0 ./src/Usart.o
                              0x50744 (size before relaxing)
 .debug_str     0x0005669e       0x28 ./src/main.o
                              0x50692 (size before relaxing)

.debug_loc      0x00000000     0x3a05
 *(.debug_loc)
 .debug_loc     0x00000000      0x7ac ./system/src/stm32f1-stdperiph/stm32f10x_gpio.o
 .debug_loc     0x000007ac      0x9c0 ./system/src/stm32f1-stdperiph/stm32f10x_rcc.o
 .debug_loc     0x0000116c      0xc98 ./system/src/stm32f1-stdperiph/stm32f10x_usart.o
 .debug_loc     0x00001e04       0x6b ./system/src/newlib/_sbrk.o
 .debug_loc     0x00001e6f      0x265 ./system/src/newlib/_startup.o
 .debug_loc     0x000020d4     0x1046 ./system/src/newlib/_syscalls.o
 .debug_loc     0x0000311a       0xf7 ./system/src/diag/Trace.o
 .debug_loc     0x00003211      0x17c ./system/src/diag/trace_impl.o
 .debug_loc     0x0000338d      0x434 ./system/src/cortexm/exception_handlers.o
 .debug_loc     0x000037c1       0xe4 ./system/src/cmsis/system_stm32f10x.o
 .debug_loc     0x000038a5       0x87 ./src/SysTick.o
 .debug_loc     0x0000392c       0xbb ./src/Usart.o
 .debug_loc     0x000039e7       0x1e ./src/main.o

.debug_macinfo
 *(.debug_macinfo)

.debug_weaknames
 *(.debug_weaknames)

.debug_funcnames
 *(.debug_funcnames)

.debug_typenames
 *(.debug_typenames)

.debug_varnames
 *(.debug_varnames)
OUTPUT(led_toggle.elf elf32-littlearm)

.debug_ranges   0x00000000      0x608
 .debug_ranges  0x00000000       0x98 ./system/src/stm32f1-stdperiph/stm32f10x_gpio.o
 .debug_ranges  0x00000098      0x108 ./system/src/stm32f1-stdperiph/stm32f10x_rcc.o
 .debug_ranges  0x000001a0       0xf0 ./system/src/stm32f1-stdperiph/stm32f10x_usart.o
 .debug_ranges  0x00000290       0x10 ./system/src/newlib/_sbrk.o
 .debug_ranges  0x000002a0       0x48 ./system/src/newlib/_startup.o
 .debug_ranges  0x000002e8      0x140 ./system/src/newlib/_syscalls.o
 .debug_ranges  0x00000428       0x28 ./system/src/diag/Trace.o
 .debug_ranges  0x00000450       0x38 ./system/src/diag/trace_impl.o
 .debug_ranges  0x00000488       0x18 ./system/src/cortexm/_initialize_hardware.o
 .debug_ranges  0x000004a0       0x98 ./system/src/cortexm/exception_handlers.o
 .debug_ranges  0x00000538       0x28 ./system/src/cmsis/system_stm32f10x.o
 .debug_ranges  0x00000560       0x10 ./system/src/cmsis/vectors_stm32f10x.o
 .debug_ranges  0x00000570       0x40 ./src/SysTick.o
 .debug_ranges  0x000005b0       0x30 ./src/Usart.o
 .debug_ranges  0x000005e0       0x28 ./src/main.o

.debug_macro    0x00000000     0x35be
 .debug_macro   0x00000000      0x1d7 ./system/src/stm32f1-stdperiph/stm32f10x_gpio.o
 .debug_macro   0x000001d7      0x2a6 ./system/src/stm32f1-stdperiph/stm32f10x_gpio.o
 .debug_macro   0x0000047d      0x2a5 ./system/src/stm32f1-stdperiph/stm32f10x_rcc.o
 .debug_macro   0x00000722      0x3dc ./system/src/stm32f1-stdperiph/stm32f10x_rcc.o
 .debug_macro   0x00000afe      0x23d ./system/src/stm32f1-stdperiph/stm32f10x_usart.o
 .debug_macro   0x00000d3b      0x21c ./system/src/stm32f1-stdperiph/stm32f10x_usart.o
 .debug_macro   0x00000f57       0xd1 ./system/src/newlib/_sbrk.o
 .debug_macro   0x00001028       0x19 ./system/src/newlib/_sbrk.o
 .debug_macro   0x00001041      0x16d ./system/src/newlib/_sbrk.o
 .debug_macro   0x000011ae       0x10 ./system/src/newlib/_sbrk.o
 .debug_macro   0x000011be      0x23b ./system/src/newlib/_sbrk.o
 .debug_macro   0x000013f9       0xe7 ./system/src/newlib/_startup.o
 .debug_macro   0x000014e0      0x23b ./system/src/newlib/_syscalls.o
 .debug_macro   0x0000171b       0x10 ./system/src/newlib/_syscalls.o
 .debug_macro   0x0000172b       0x10 ./system/src/newlib/_syscalls.o
 .debug_macro   0x0000173b       0x10 ./system/src/newlib/_syscalls.o
 .debug_macro   0x0000174b       0x35 ./system/src/newlib/_syscalls.o
 .debug_macro   0x00001780      0x120 ./system/src/newlib/_syscalls.o
 .debug_macro   0x000018a0      0x18e ./system/src/newlib/_syscalls.o
 .debug_macro   0x00001a2e       0x10 ./system/src/newlib/_syscalls.o
 .debug_macro   0x00001a3e       0x1c ./system/src/newlib/_syscalls.o
 .debug_macro   0x00001a5a       0x10 ./system/src/newlib/_syscalls.o
 .debug_macro   0x00001a6a       0x16 ./system/src/newlib/_syscalls.o
 .debug_macro   0x00001a80      0x16c ./system/src/newlib/_syscalls.o
 .debug_macro   0x00001bec      0x283 ./system/src/newlib/_syscalls.o
 .debug_macro   0x00001e6f       0x10 ./system/src/newlib/_syscalls.o
 .debug_macro   0x00001e7f       0x1f ./system/src/newlib/_syscalls.o
 .debug_macro   0x00001e9e       0x22 ./system/src/newlib/_syscalls.o
 .debug_macro   0x00001ec0      0x241 ./system/src/newlib/_syscalls.o
 .debug_macro   0x00002101       0x16 ./system/src/newlib/_syscalls.o
 .debug_macro   0x00002117       0x3a ./system/src/newlib/_syscalls.o
 .debug_macro   0x00002151       0xac ./system/src/newlib/_syscalls.o
 .debug_macro   0x000021fd      0x13a ./system/src/newlib/_syscalls.o
 .debug_macro   0x00002337       0x16 ./system/src/newlib/_syscalls.o
 .debug_macro   0x0000234d       0x22 ./system/src/newlib/_syscalls.o
 .debug_macro   0x0000236f      0x15a ./system/src/diag/Trace.o
 .debug_macro   0x000024c9       0x16 ./system/src/diag/Trace.o
 .debug_macro   0x000024df       0x97 ./system/src/diag/Trace.o
 .debug_macro   0x00002576       0xf6 ./system/src/diag/Trace.o
 .debug_macro   0x0000266c       0x52 ./system/src/diag/Trace.o
 .debug_macro   0x000026be      0x24e ./system/src/diag/trace_impl.o
 .debug_macro   0x0000290c      0x189 ./system/src/cortexm/_initialize_hardware.o
 .debug_macro   0x00002a95      0x2b1 ./system/src/cortexm/exception_handlers.o
 .debug_macro   0x00002d46       0x3b ./system/src/cortexm/exception_handlers.o
 .debug_macro   0x00002d81      0x18c ./system/src/cmsis/system_stm32f10x.o
 .debug_macro   0x00002f0d       0x52 ./system/src/cmsis/vectors_stm32f10x.o
 .debug_macro   0x00002f5f      0x18e ./src/SysTick.o
 .debug_macro   0x000030ed       0x16 ./src/SysTick.o
 .debug_macro   0x00003103      0x245 ./src/Usart.o
 .debug_macro   0x00003348      0x25a ./src/main.o
 .debug_macro   0x000035a2       0x1c ./src/main.o
